******************************************************************************
                  TI ARM Linker PC v16.9.4                     
******************************************************************************
>> Linked Wed Dec 20 15:22:37 2017

OUTPUT FILE NAME:   <Alpanum.out>
ENTRY POINT SYMBOL: "_c_int00"  address: 000045b1


MEMORY CONFIGURATION

         name            origin    length      used     unused   attr    fill
----------------------  --------  ---------  --------  --------  ----  --------
  FLASH                 00000000   00040000  00005116  0003aeea  R  X
  SRAM                  20000000   00008000  00000713  000078ed  RW X


SEGMENT ALLOCATION MAP

run origin  load origin   length   init length attrs members
----------  ----------- ---------- ----------- ----- -------
00000000    00000000    00005118   00005118    r-x
  00000000    00000000    0000026c   0000026c    r-- .intvecs
  0000026c    0000026c    00000004   00000004    r-- .init_array
  00000270    00000270    000048e6   000048e6    r-x .text
  00004b58    00004b58    00000390   00000390    r-- .const
  00004ee8    00004ee8    00000230   00000230    r-- .cinit
20000000    20000000    00000713   00000000    rw-
  20000000    20000000    0000026c   00000000    rw- .vtable
  2000026c    2000026c    0000021c   00000000    rw- .data
  20000488    20000488    00000200   00000000    rw- .stack
  20000688    20000688    0000008b   00000000    rw- .bss


SECTION ALLOCATION MAP

 output                                  attributes/
section   page    origin      length       input sections
--------  ----  ----------  ----------   ----------------
.intvecs   0    00000000    0000026c     
                  00000000    0000026c     tm4c123gh6pm_startup_ccs.obj (.intvecs)

.init_array 
*          0    0000026c    00000004     
                  0000026c    00000004     tm4c123gh6pm_startup_ccs.obj (.init_array)

.text      0    00000270    000048e6     
                  00000270    000034f2     tm4c123gh6pm_startup_ccs.obj (.text)
                  00003762    000001b6     rtsv7M4_T_le_v4SPD16_eabi.lib : fd_add_t2.obj (.text)
                  00003918    00000136                                   : fd_div_t2.obj (.text)
                  00003a4e    00000132     driverlib.lib : gpio.obj (.text:GPIOPadConfigSet)
                  00003b80    00000110                   : sysctl.obj (.text:SysCtlClockGet)
                  00003c90    000000fc     rtsv7M4_T_le_v4SPD16_eabi.lib : fd_mul_t2.obj (.text)
                  00003d8c    000000f8                                   : s_ceil.obj (.text)
                  00003e84    000000f8                                   : s_floor.obj (.text)
                  00003f7c    000000f4     driverlib.lib : sysctl.obj (.text:SysCtlClockSet)
                  00004070    0000009c     rtsv7M4_T_le_v4SPD16_eabi.lib : memcpy_t2.obj (.text)
                  0000410c    00000086                                   : fd_cmp_t2.obj (.text:__aeabi_cdrcmple)
                  00004192    0000007a     driverlib.lib : adc.obj (.text:ADCSequenceStepConfigure)
                  0000420c    0000007a     rtsv7M4_T_le_v4SPD16_eabi.lib : memset_t2.obj (.text)
                  00004286    00000002                                   : mpu_init.obj (.text)
                  00004288    00000070                                   : autoinit.obj (.text)
                  000042f8    0000006e                                   : fd_tos_t2.obj (.text)
                  00004366    00000002                                   : startup.obj (.text)
                  00004368    00000068     driverlib.lib : interrupt.obj (.text:IntDisable)
                  000043d0    00000068                   : interrupt.obj (.text:IntEnable)
                  00004438    00000068     rtsv7M4_T_le_v4SPD16_eabi.lib : copy_decompress_lzss.obj (.text:decompress:lzss)
                  000044a0    00000060     driverlib.lib : timer.obj (.text:TimerConfigure)
                  00004500    00000058                   : adc.obj (.text:ADCSequenceConfigure)
                  00004558    00000056                   : gpio.obj (.text:GPIOIntTypeSet)
                  000045ae    00000002     --HOLE-- [fill = 0]
                  000045b0    00000054     rtsv7M4_T_le_v4SPD16_eabi.lib : boot.obj (.text)
                  00004604    00000054                                   : exit.obj (.text)
                  00004658    0000004c     driverlib.lib : timer.obj (.text:_TimerIntNumberGet)
                  000046a4    0000004c     rtsv7M4_T_le_v4SPD16_eabi.lib : cpy_tbl.obj (.text)
                  000046f0    00000048     driverlib.lib : gpio.obj (.text:GPIOPinConfigure)
                  00004738    00000048     rtsv7M4_T_le_v4SPD16_eabi.lib : fd_toi_t2.obj (.text)
                  00004780    00000040     driverlib.lib : gpio.obj (.text:_GPIOIntNumberGet)
                  000047c0    0000003c                   : ssi.obj (.text:SSIConfigSetExpClk)
                  000047fc    00000038                   : sysctl.obj (.text:SysCtlPeripheralReady)
                  00004834    00000034                   : interrupt.obj (.text:IntRegister)
                  00004868    00000034                   : sysctl.obj (.text:SysCtlPeripheralEnable)
                  0000489c    0000002e                   : adc.obj (.text:ADCIntStatus)
                  000048ca    0000002e     rtsv7M4_T_le_v4SPD16_eabi.lib : i_tofd_t2.obj (.text)
                  000048f8    0000002a     driverlib.lib : gpio.obj (.text:GPIODirModeSet)
                  00004922    0000001e                   : adc.obj (.text:ADCSequenceDataGet)
                  00004940    00000018                   : adc.obj (.text:ADCProcessorTrigger)
                  00004958    00000018                   : gpio.obj (.text:GPIOIntRegister)
                  00004970    00000018                   : gpio.obj (.text:GPIOPinTypeGPIOOutput)
                  00004988    00000018                   : timer.obj (.text:TimerDisable)
                  000049a0    00000018                   : timer.obj (.text:TimerIntRegister)
                  000049b8    00000018     rtsv7M4_T_le_v4SPD16_eabi.lib : args_main.obj (.text)
                  000049d0    00000014                                   : _lock.obj (.text)
                  000049e4    00000014                                   : strcpy.obj (.text)
                  000049f8    00000014                                   : strlen.obj (.text)
                  00004a0c    00000012     driverlib.lib : gpio.obj (.text:GPIOPinTypeADC)
                  00004a1e    00000012                   : gpio.obj (.text:GPIOPinTypeGPIOInput)
                  00004a30    00000012                   : gpio.obj (.text:GPIOPinTypeSSI)
                  00004a42    00000012                   : ssi.obj (.text:SSIDataGetNonBlocking)
                  00004a54    00000012                   : timer.obj (.text:TimerLoadSet)
                  00004a66    00000010                   : interrupt.obj (.text:IntMasterDisable)
                  00004a76    00000010                   : interrupt.obj (.text:IntMasterEnable)
                  00004a86    0000000e                   : adc.obj (.text:ADCSequenceEnable)
                  00004a94    0000000e                   : gpio.obj (.text:GPIOIntDisable)
                  00004aa2    0000000e                   : gpio.obj (.text:GPIOIntStatus)
                  00004ab0    0000000e                   : timer.obj (.text:TimerEnable)
                  00004abe    0000000e     rtsv7M4_T_le_v4SPD16_eabi.lib : copy_decompress_none.obj (.text:decompress:none)
                  00004acc    0000000c     driverlib.lib : cpu.obj (.text:CPUcpsid)
                  00004ad8    0000000c                   : cpu.obj (.text:CPUcpsie)
                  00004ae4    0000000c                   : gpio.obj (.text:GPIOIntEnable)
                  00004af0    0000000c                   : ssi.obj (.text:SSIDataGet)
                  00004afc    0000000c     rtsv7M4_T_le_v4SPD16_eabi.lib : copy_zero_init.obj (.text:decompress:ZI)
                  00004b08    0000000a     driverlib.lib : adc.obj (.text:ADCIntClear)
                  00004b12    0000000a                   : ssi.obj (.text:SSIDataPut)
                  00004b1c    0000000a                   : ssi.obj (.text:SSIEnable)
                  00004b26    00000008                   : ssi.obj (.text:SSIBusy)
                  00004b2e    00000008                   : timer.obj (.text:TimerIntEnable)
                  00004b36    00000006                   : gpio.obj (.text:GPIOIntClear)
                  00004b3c    00000006                   : gpio.obj (.text:GPIOPinRead)
                  00004b42    00000006                   : gpio.obj (.text:GPIOPinWrite)
                  00004b48    00000006                   : sysctl.obj (.text:SysCtlDelay)
                  00004b4e    00000004                   : timer.obj (.text:TimerIntClear)
                  00004b52    00000004     rtsv7M4_T_le_v4SPD16_eabi.lib : pre_init.obj (.text)

.const     0    00004b58    00000390     
                  00004b58    000000c0     driverlib.lib : gpio.obj (.const:g_ppui32GPIOIntMapBlizzard)
                  00004c18    000000c0                   : gpio.obj (.const:g_ppui32GPIOIntMapSnowflake)
                  00004cd8    00000090                   : gpio.obj (.const:g_pui32GPIOBaseAddrs)
                  00004d68    00000070                   : interrupt.obj (.const)
                  00004dd8    0000006c                   : sysctl.obj (.const:g_pui32Xtals)
                  00004e44    00000060                   : timer.obj (.const:g_ppui32TimerIntMap)
                  00004ea4    00000040                   : timer.obj (.const:g_ppui32TimerIntMapSnowflake)
                  00004ee4    00000004     tm4c123gh6pm_startup_ccs.obj (.const:.string:$P$T0$1$2)

.cinit     0    00004ee8    00000230     
                  00004ee8    000001f5     (.cinit..data.load) [load image, compression = lzss]
                  000050dd    00000003     --HOLE-- [fill = 0]
                  000050e0    0000000c     (__TI_handler_table)
                  000050ec    00000004     --HOLE-- [fill = 0]
                  000050f0    00000008     (.cinit..bss.load) [load image, compression = zero_init]
                  000050f8    00000008     (.cinit..vtable.load) [load image, compression = zero_init]
                  00005100    00000018     (__TI_cinit_table)

.vtable    0    20000000    0000026c     UNINITIALIZED
                  20000000    0000026c     driverlib.lib : interrupt.obj (.vtable)

.data      0    2000026c    0000021c     UNINITIALIZED
                  2000026c    0000000c     rtsv7M4_T_le_v4SPD16_eabi.lib : exit.obj (.data:$O1$$)
                  20000278    0000000b     tm4c123gh6pm_startup_ccs.obj (.data:output$2$1)
                  20000283    00000009     tm4c123gh6pm_startup_ccs.obj (.data:output$1$1)
                  2000028c    00000008     rtsv7M4_T_le_v4SPD16_eabi.lib : _lock.obj (.data:$O1$$)
                  20000294    00000005     tm4c123gh6pm_startup_ccs.obj (.data:_ASCII_0)
                  20000299    00000005     tm4c123gh6pm_startup_ccs.obj (.data:_ASCII_1)
                  2000029e    00000005     tm4c123gh6pm_startup_ccs.obj (.data:_ASCII_2)
                  200002a3    00000005     tm4c123gh6pm_startup_ccs.obj (.data:_ASCII_3)
                  200002a8    00000005     tm4c123gh6pm_startup_ccs.obj (.data:_ASCII_4)
                  200002ad    00000005     tm4c123gh6pm_startup_ccs.obj (.data:_ASCII_5)
                  200002b2    00000005     tm4c123gh6pm_startup_ccs.obj (.data:_ASCII_6)
                  200002b7    00000005     tm4c123gh6pm_startup_ccs.obj (.data:_ASCII_7)
                  200002bc    00000005     tm4c123gh6pm_startup_ccs.obj (.data:_ASCII_8)
                  200002c1    00000005     tm4c123gh6pm_startup_ccs.obj (.data:_ASCII_9)
                  200002c6    00000005     tm4c123gh6pm_startup_ccs.obj (.data:_ASCII_A)
                  200002cb    00000005     tm4c123gh6pm_startup_ccs.obj (.data:_ASCII_AMP)
                  200002d0    00000005     tm4c123gh6pm_startup_ccs.obj (.data:_ASCII_ANF)
                  200002d5    00000005     tm4c123gh6pm_startup_ccs.obj (.data:_ASCII_AST)
                  200002da    00000005     tm4c123gh6pm_startup_ccs.obj (.data:_ASCII_AT)
                  200002df    00000005     tm4c123gh6pm_startup_ccs.obj (.data:_ASCII_AUML)
                  200002e4    00000005     tm4c123gh6pm_startup_ccs.obj (.data:_ASCII_B)
                  200002e9    00000005     tm4c123gh6pm_startup_ccs.obj (.data:_ASCII_BDS)
                  200002ee    00000005     tm4c123gh6pm_startup_ccs.obj (.data:_ASCII_BLK)
                  200002f3    00000005     tm4c123gh6pm_startup_ccs.obj (.data:_ASCII_BNK)
                  200002f8    00000005     tm4c123gh6pm_startup_ccs.obj (.data:_ASCII_BSL)
                  200002fd    00000005     tm4c123gh6pm_startup_ccs.obj (.data:_ASCII_C)
                  20000302    00000005     tm4c123gh6pm_startup_ccs.obj (.data:_ASCII_D)
                  20000307    00000005     tm4c123gh6pm_startup_ccs.obj (.data:_ASCII_DOL)
                  2000030c    00000005     tm4c123gh6pm_startup_ccs.obj (.data:_ASCII_DOT)
                  20000311    00000005     tm4c123gh6pm_startup_ccs.obj (.data:_ASCII_DPT)
                  20000316    00000005     tm4c123gh6pm_startup_ccs.obj (.data:_ASCII_E)
                  2000031b    00000005     tm4c123gh6pm_startup_ccs.obj (.data:_ASCII_EQ)
                  20000320    00000005     tm4c123gh6pm_startup_ccs.obj (.data:_ASCII_EXM)
                  20000325    00000005     tm4c123gh6pm_startup_ccs.obj (.data:_ASCII_F)
                  2000032a    00000005     tm4c123gh6pm_startup_ccs.obj (.data:_ASCII_G)
                  2000032f    00000005     tm4c123gh6pm_startup_ccs.obj (.data:_ASCII_H)
                  20000334    00000005     tm4c123gh6pm_startup_ccs.obj (.data:_ASCII_HKM)
                  20000339    00000005     tm4c123gh6pm_startup_ccs.obj (.data:_ASCII_HSH)
                  2000033e    00000005     tm4c123gh6pm_startup_ccs.obj (.data:_ASCII_I)
                  20000343    00000005     tm4c123gh6pm_startup_ccs.obj (.data:_ASCII_J)
                  20000348    00000005     tm4c123gh6pm_startup_ccs.obj (.data:_ASCII_K)
                  2000034d    00000005     tm4c123gh6pm_startup_ccs.obj (.data:_ASCII_L)
                  20000352    00000005     tm4c123gh6pm_startup_ccs.obj (.data:_ASCII_LGK)
                  20000357    00000005     tm4c123gh6pm_startup_ccs.obj (.data:_ASCII_LKM)
                  2000035c    00000005     tm4c123gh6pm_startup_ccs.obj (.data:_ASCII_LRK)
                  20000361    00000005     tm4c123gh6pm_startup_ccs.obj (.data:_ASCII_LSK)
                  20000366    00000005     tm4c123gh6pm_startup_ccs.obj (.data:_ASCII_M)
                  2000036b    00000005     tm4c123gh6pm_startup_ccs.obj (.data:_ASCII_N)
                  20000370    00000005     tm4c123gh6pm_startup_ccs.obj (.data:_ASCII_O)
                  20000375    00000005     tm4c123gh6pm_startup_ccs.obj (.data:_ASCII_OUML)
                  2000037a    00000005     tm4c123gh6pm_startup_ccs.obj (.data:_ASCII_P)
                  2000037f    00000005     tm4c123gh6pm_startup_ccs.obj (.data:_ASCII_PFO)
                  20000384    00000005     tm4c123gh6pm_startup_ccs.obj (.data:_ASCII_PIP)
                  20000389    00000005     tm4c123gh6pm_startup_ccs.obj (.data:_ASCII_PLS)
                  2000038e    00000005     tm4c123gh6pm_startup_ccs.obj (.data:_ASCII_PRZ)
                  20000393    00000005     tm4c123gh6pm_startup_ccs.obj (.data:_ASCII_Q)
                  20000398    00000005     tm4c123gh6pm_startup_ccs.obj (.data:_ASCII_QSM)
                  2000039d    00000005     tm4c123gh6pm_startup_ccs.obj (.data:_ASCII_R)
                  200003a2    00000005     tm4c123gh6pm_startup_ccs.obj (.data:_ASCII_RGK)
                  200003a7    00000005     tm4c123gh6pm_startup_ccs.obj (.data:_ASCII_RRK)
                  200003ac    00000005     tm4c123gh6pm_startup_ccs.obj (.data:_ASCII_RSK)
                  200003b1    00000005     tm4c123gh6pm_startup_ccs.obj (.data:_ASCII_S)
                  200003b6    00000005     tm4c123gh6pm_startup_ccs.obj (.data:_ASCII_SL)
                  200003bb    00000005     tm4c123gh6pm_startup_ccs.obj (.data:_ASCII_T)
                  200003c0    00000005     tm4c123gh6pm_startup_ccs.obj (.data:_ASCII_TIC)
                  200003c5    00000005     tm4c123gh6pm_startup_ccs.obj (.data:_ASCII_TIL)
                  200003ca    00000005     tm4c123gh6pm_startup_ccs.obj (.data:_ASCII_U)
                  200003cf    00000005     tm4c123gh6pm_startup_ccs.obj (.data:_ASCII_UUML)
                  200003d4    00000005     tm4c123gh6pm_startup_ccs.obj (.data:_ASCII_V)
                  200003d9    00000005     tm4c123gh6pm_startup_ccs.obj (.data:_ASCII_W)
                  200003de    00000005     tm4c123gh6pm_startup_ccs.obj (.data:_ASCII_X)
                  200003e3    00000005     tm4c123gh6pm_startup_ccs.obj (.data:_ASCII_Y)
                  200003e8    00000005     tm4c123gh6pm_startup_ccs.obj (.data:_ASCII_Z)
                  200003ed    00000005     tm4c123gh6pm_startup_ccs.obj (.data:_ASCII__)
                  200003f2    00000005     tm4c123gh6pm_startup_ccs.obj (.data:_ASCII_a)
                  200003f7    00000005     tm4c123gh6pm_startup_ccs.obj (.data:_ASCII_auml)
                  200003fc    00000005     tm4c123gh6pm_startup_ccs.obj (.data:_ASCII_b)
                  20000401    00000005     tm4c123gh6pm_startup_ccs.obj (.data:_ASCII_c)
                  20000406    00000005     tm4c123gh6pm_startup_ccs.obj (.data:_ASCII_d)
                  2000040b    00000005     tm4c123gh6pm_startup_ccs.obj (.data:_ASCII_e)
                  20000410    00000005     tm4c123gh6pm_startup_ccs.obj (.data:_ASCII_f)
                  20000415    00000005     tm4c123gh6pm_startup_ccs.obj (.data:_ASCII_g)
                  2000041a    00000005     tm4c123gh6pm_startup_ccs.obj (.data:_ASCII_h)
                  2000041f    00000005     tm4c123gh6pm_startup_ccs.obj (.data:_ASCII_i)
                  20000424    00000005     tm4c123gh6pm_startup_ccs.obj (.data:_ASCII_j)
                  20000429    00000005     tm4c123gh6pm_startup_ccs.obj (.data:_ASCII_k)
                  2000042e    00000005     tm4c123gh6pm_startup_ccs.obj (.data:_ASCII_l)
                  20000433    00000005     tm4c123gh6pm_startup_ccs.obj (.data:_ASCII_m)
                  20000438    00000005     tm4c123gh6pm_startup_ccs.obj (.data:_ASCII_n)
                  2000043d    00000005     tm4c123gh6pm_startup_ccs.obj (.data:_ASCII_o)
                  20000442    00000005     tm4c123gh6pm_startup_ccs.obj (.data:_ASCII_ouml)
                  20000447    00000005     tm4c123gh6pm_startup_ccs.obj (.data:_ASCII_p)
                  2000044c    00000005     tm4c123gh6pm_startup_ccs.obj (.data:_ASCII_q)
                  20000451    00000005     tm4c123gh6pm_startup_ccs.obj (.data:_ASCII_r)
                  20000456    00000005     tm4c123gh6pm_startup_ccs.obj (.data:_ASCII_s)
                  2000045b    00000005     tm4c123gh6pm_startup_ccs.obj (.data:_ASCII_t)
                  20000460    00000005     tm4c123gh6pm_startup_ccs.obj (.data:_ASCII_u)
                  20000465    00000005     tm4c123gh6pm_startup_ccs.obj (.data:_ASCII_uuml)
                  2000046a    00000005     tm4c123gh6pm_startup_ccs.obj (.data:_ASCII_v)
                  2000046f    00000005     tm4c123gh6pm_startup_ccs.obj (.data:_ASCII_w)
                  20000474    00000005     tm4c123gh6pm_startup_ccs.obj (.data:_ASCII_x)
                  20000479    00000005     tm4c123gh6pm_startup_ccs.obj (.data:_ASCII_y)
                  2000047e    00000005     tm4c123gh6pm_startup_ccs.obj (.data:_ASCII_z)
                  20000483    00000001     --HOLE--
                  20000484    00000004     rtsv7M4_T_le_v4SPD16_eabi.lib : stkdepth_vars.obj (.data)

.stack     0    20000488    00000200     UNINITIALIZED
                  20000488    00000200     --HOLE--

.bss       0    20000688    0000008b     UNINITIALIZED
                  20000688    0000003c     (.common:text)
                  200006c4    00000028     (.common:adcValue)
                  200006ec    0000000a     tm4c123gh6pm_startup_ccs.obj (.bss:t)
                  200006f6    00000009     tm4c123gh6pm_startup_ccs.obj (.bss:clk)
                  200006ff    00000001     tm4c123gh6pm_startup_ccs.obj (.bss:disp)
                  20000700    00000004     (.common:adcMedian)
                  20000704    00000004     (.common:i)
                  20000708    00000001     tm4c123gh6pm_startup_ccs.obj (.bss)
                  20000709    00000001     (.common:adcConvCount)
                  2000070a    00000001     (.common:adcConvinProgr)
                  2000070b    00000001     (.common:brightness)
                  2000070c    00000001     (.common:brightnessChanged)
                  2000070d    00000001     (.common:btn1Pressed)
                  2000070e    00000001     (.common:btn2Pressed)
                  2000070f    00000001     (.common:changed)
                  20000710    00000001     (.common:debounced)
                  20000711    00000001     (.common:dispMode)
                  20000712    00000001     (.common:state)

MODULE SUMMARY

       Module                         code    ro data   rw data
       ------                         ----    -------   -------
    <current directory>
       tm4c123gh6pm_startup_ccs.obj   13554   628       654    
    +--+------------------------------+-------+---------+---------+
       Total:                         13554   628       654    
                                                               
    C:/ti/TivaWare_C_Series-2.1.3.156/driverlib/ccs/Debug/driverlib.lib
       gpio.obj                       730     528       0      
       interrupt.obj                  292     112       620    
       sysctl.obj                     630     108       0      
       timer.obj                      264     160       0      
       adc.obj                        334     0         0      
       ssi.obj                        118     0         0      
       cpu.obj                        24      0         0      
    +--+------------------------------+-------+---------+---------+
       Total:                         2392    908       620    
                                                               
    C:\ti\ccs730\ccsv7\tools\compiler\ti-cgt-arm_16.9.4.LTS\lib\rtsv7M4_T_le_v4SPD16_eabi.lib
       fd_add_t2.obj                  438     0         0      
       fd_div_t2.obj                  310     0         0      
       fd_mul_t2.obj                  252     0         0      
       s_ceil.obj                     248     0         0      
       s_floor.obj                    248     0         0      
       memcpy_t2.obj                  156     0         0      
       fd_cmp_t2.obj                  134     0         0      
       memset_t2.obj                  122     0         0      
       autoinit.obj                   112     0         0      
       fd_tos_t2.obj                  110     0         0      
       copy_decompress_lzss.obj       104     0         0      
       exit.obj                       84      0         12     
       boot.obj                       84      0         0      
       cpy_tbl.obj                    76      0         0      
       fd_toi_t2.obj                  72      0         0      
       i_tofd_t2.obj                  46      0         0      
       _lock.obj                      20      0         8      
       args_main.obj                  24      0         0      
       strcpy.obj                     20      0         0      
       strlen.obj                     20      0         0      
       copy_decompress_none.obj       14      0         0      
       copy_zero_init.obj             12      0         0      
       pre_init.obj                   4       0         0      
       stkdepth_vars.obj              0       0         4      
       mpu_init.obj                   2       0         0      
       startup.obj                    2       0         0      
    +--+------------------------------+-------+---------+---------+
       Total:                         2714    0         24     
                                                               
       Stack:                         0       0         512    
       Linker Generated:              0       553       0      
    +--+------------------------------+-------+---------+---------+
       Grand Total:                   18660   2089      1810   


LINKER GENERATED COPY TABLES

__TI_cinit_table @ 00005100 records: 3, size/record: 8, table size: 24
	.data: load addr=00004ee8, load size=000001f5 bytes, run addr=2000026c, run size=0000021c bytes, compression=lzss
	.bss: load addr=000050f0, load size=00000008 bytes, run addr=20000688, run size=0000008b bytes, compression=zero_init
	.vtable: load addr=000050f8, load size=00000008 bytes, run addr=20000000, run size=0000026c bytes, compression=zero_init


LINKER GENERATED HANDLER TABLE

__TI_handler_table @ 000050e0 records: 3, size/record: 4, table size: 12
	index: 0, handler: __TI_zero_init
	index: 1, handler: __TI_decompress_lzss
	index: 2, handler: __TI_decompress_none


GLOBAL SYMBOLS: SORTED ALPHABETICALLY BY Name 

address   name                                    
-------   ----                                    
00004b09  ADCIntClear                             
0000489d  ADCIntStatus                            
00004941  ADCProcessorTrigger                     
00004501  ADCSequenceConfigure                    
00004923  ADCSequenceDataGet                      
00004a87  ADCSequenceEnable                       
00004193  ADCSequenceStepConfigure                
00004605  C$$EXIT                                 
00004acd  CPUcpsid                                
00004ad9  CPUcpsie                                
000048f9  GPIODirModeSet                          
00004b37  GPIOIntClear                            
00004a95  GPIOIntDisable                          
00004ae5  GPIOIntEnable                           
00004959  GPIOIntRegister                         
00004aa3  GPIOIntStatus                           
00004559  GPIOIntTypeSet                          
00003a4f  GPIOPadConfigSet                        
000046f1  GPIOPinConfigure                        
00004b3d  GPIOPinRead                             
00004a0d  GPIOPinTypeADC                          
00004a1f  GPIOPinTypeGPIOInput                    
00004971  GPIOPinTypeGPIOOutput                   
00004a31  GPIOPinTypeSSI                          
00004b43  GPIOPinWrite                            
00004369  IntDisable                              
000043d1  IntEnable                               
00004a67  IntMasterDisable                        
00004a77  IntMasterEnable                         
00004835  IntRegister                             
00000271  ResetISR                                
0000026c  SHT$$INIT_ARRAY$$Base                   
00000270  SHT$$INIT_ARRAY$$Limit                  
00004b27  SSIBusy                                 
000047c1  SSIConfigSetExpClk                      
00004af1  SSIDataGet                              
00004a43  SSIDataGetNonBlocking                   
00004b13  SSIDataPut                              
00004b1d  SSIEnable                               
00003b81  SysCtlClockGet                          
00003f7d  SysCtlClockSet                          
00004b49  SysCtlDelay                             
00004869  SysCtlPeripheralEnable                  
000047fd  SysCtlPeripheralReady                   
000044a1  TimerConfigure                          
00004989  TimerDisable                            
00004ab1  TimerEnable                             
00004b4f  TimerIntClear                           
00004b2f  TimerIntEnable                          
000049a1  TimerIntRegister                        
00004a55  TimerLoadSet                            
20000294  _ASCII_0                                
20000299  _ASCII_1                                
2000029e  _ASCII_2                                
200002a3  _ASCII_3                                
200002a8  _ASCII_4                                
200002ad  _ASCII_5                                
200002b2  _ASCII_6                                
200002b7  _ASCII_7                                
200002bc  _ASCII_8                                
200002c1  _ASCII_9                                
200002c6  _ASCII_A                                
200002cb  _ASCII_AMP                              
200002d0  _ASCII_ANF                              
200002d5  _ASCII_AST                              
200002da  _ASCII_AT                               
200002df  _ASCII_AUML                             
200002e4  _ASCII_B                                
200002e9  _ASCII_BDS                              
200002ee  _ASCII_BLK                              
200002f3  _ASCII_BNK                              
200002f8  _ASCII_BSL                              
200002fd  _ASCII_C                                
20000302  _ASCII_D                                
20000307  _ASCII_DOL                              
2000030c  _ASCII_DOT                              
20000311  _ASCII_DPT                              
20000316  _ASCII_E                                
2000031b  _ASCII_EQ                               
20000320  _ASCII_EXM                              
20000325  _ASCII_F                                
2000032a  _ASCII_G                                
2000032f  _ASCII_H                                
20000334  _ASCII_HKM                              
20000339  _ASCII_HSH                              
2000033e  _ASCII_I                                
20000343  _ASCII_J                                
20000348  _ASCII_K                                
2000034d  _ASCII_L                                
20000352  _ASCII_LGK                              
20000357  _ASCII_LKM                              
2000035c  _ASCII_LRK                              
20000361  _ASCII_LSK                              
20000366  _ASCII_M                                
2000036b  _ASCII_N                                
20000370  _ASCII_O                                
20000375  _ASCII_OUML                             
2000037a  _ASCII_P                                
2000037f  _ASCII_PFO                              
20000384  _ASCII_PIP                              
20000389  _ASCII_PLS                              
2000038e  _ASCII_PRZ                              
20000393  _ASCII_Q                                
20000398  _ASCII_QSM                              
2000039d  _ASCII_R                                
200003a2  _ASCII_RGK                              
200003a7  _ASCII_RRK                              
200003ac  _ASCII_RSK                              
200003b1  _ASCII_S                                
200003b6  _ASCII_SL                               
200003bb  _ASCII_T                                
200003c0  _ASCII_TIC                              
200003c5  _ASCII_TIL                              
200003ca  _ASCII_U                                
200003cf  _ASCII_UUML                             
200003d4  _ASCII_V                                
200003d9  _ASCII_W                                
200003de  _ASCII_X                                
200003e3  _ASCII_Y                                
200003e8  _ASCII_Z                                
200003ed  _ASCII__                                
200003f2  _ASCII_a                                
200003f7  _ASCII_auml                             
200003fc  _ASCII_b                                
20000401  _ASCII_c                                
20000406  _ASCII_d                                
2000040b  _ASCII_e                                
20000410  _ASCII_f                                
20000415  _ASCII_g                                
2000041a  _ASCII_h                                
2000041f  _ASCII_i                                
20000424  _ASCII_j                                
20000429  _ASCII_k                                
2000042e  _ASCII_l                                
20000433  _ASCII_m                                
20000438  _ASCII_n                                
2000043d  _ASCII_o                                
20000442  _ASCII_ouml                             
20000447  _ASCII_p                                
2000044c  _ASCII_q                                
20000451  _ASCII_r                                
20000456  _ASCII_s                                
2000045b  _ASCII_t                                
20000460  _ASCII_u                                
20000465  _ASCII_uuml                             
2000046a  _ASCII_v                                
2000046f  _ASCII_w                                
20000474  _ASCII_x                                
20000479  _ASCII_y                                
2000047e  _ASCII_z                                
00003431  _Z12onButtonDownv                       
00002831  _Z13stringBuilderPchhthhhh12DisplayModes
000034b1  _Z15onSecondElapsedv                    
000034d1  _Z16setupPeripheralsv                   
00003039  _Z17Timer0AIntHandlerv                  
00002f61  _Z17Timer1BIntHandlerv                  
00003159  _Z17incrementDateTimev                  
00002f41  _Z5delayi                               
000030b9  _Z9shiftMenuv                           
00000291  _ZN4TimeC1Ev                            
00000291  _ZN4TimeC2Ev                            
00000f19  _ZN6DS323410_burstReadEv                
00000f81  _ZN6DS323410_ssPinHighEv                
00000e21  _ZN6DS323410_writeByteEh                
00000611  _ZN6DS323410getDateStrEhhc              
000004c1  _ZN6DS323410getTimeStrEh                
00000c11  _ZN6DS323411getMonthStrEh               
00000e81  _ZN6DS323413_readRegisterEh             
00000eb9  _ZN6DS323414_writeRegisterEhh           
00000db9  _ZN6DS32344peekEh                       
00000d79  _ZN6DS32344pokeEhh                      
000002e1  _ZN6DS32345beginEv                      
00000491  _ZN6DS32346setDOWEh                     
00000fd1  _ZN6DS32347_decodeEh                    
000010a9  _ZN6DS32347_encodeEh                    
00000cf9  _ZN6DS32347getTempEv                    
00000301  _ZN6DS32347getTimeEv                    
000003f9  _ZN6DS32347setDateEhht                  
00000389  _ZN6DS32347setTimeEhhh                  
00001261  _ZN6DS32348_SPIreadEv                   
00001019  _ZN6DS32348_decodeHEh                   
00001079  _ZN6DS32348_decodeYEh                   
000010e1  _ZN6DS32349_SPIstartEv                  
000011e9  _ZN6DS32349_SPIwriteEh                  
00000e09  _ZN6DS32349_readByteEv                  
00000fb9  _ZN6DS32349_ssPinLowEv                  
00000b71  _ZN6DS32349getDOWStrEh                  
000002c9  _ZN6DS3234C1Eh                          
000002c9  _ZN6DS3234C2Eh                          
00001ed9  _ZN8HCMS39XX10chipEnableEv              
00001351  _ZN8HCMS39XX10encodeCharEc              
000012e9  _ZN8HCMS39XX10initializeEv              
00001ef1  _ZN8HCMS39XX11chipDisableEv             
000021e1  _ZN8HCMS39XX11waitNoTicksEi             
00001b81  _ZN8HCMS39XX11write4CharsEPh            
00002051  _ZN8HCMS39XX11writeStringEPc            
00001f39  _ZN8HCMS39XX12blankDisplayEv            
00001c81  _ZN8HCMS39XX13setBrightnessEh           
00001f51  _ZN8HCMS39XX14unBlankDisplayEv          
00001cb1  _ZN8HCMS39XX15setControlWord0Ehbh       
00001da9  _ZN8HCMS39XX15setControlWord1Ebb        
00001e99  _ZN8HCMS39XX17selectDotRegisterEv       
00001eb9  _ZN8HCMS39XX21selectControlRegisterEv   
00001f09  _ZN8HCMS39XX6clkLowEv                   
00001f21  _ZN8HCMS39XX7clkHighEv                  
00002161  _ZN8HCMS39XX9setupGPIOEv                
00001f69  _ZN8HCMS39XX9writeCharEh                
000012d9  _ZN8HCMS39XXC1Ev                        
000012d9  _ZN8HCMS39XXC2Ev                        
20000688  __STACK_END                             
00000200  __STACK_SIZE                            
20000688  __STACK_TOP                             
00005100  __TI_CINIT_Base                         
00005118  __TI_CINIT_Limit                        
000050e0  __TI_Handler_Table_Base                 
000050ec  __TI_Handler_Table_Limit                
00004289  __TI_auto_init                          
2000026c  __TI_cleanup_ptr                        
00004439  __TI_decompress_lzss                    
00004abf  __TI_decompress_none                    
20000270  __TI_dtors_ptr                          
20000274  __TI_enable_exit_profile_output         
ffffffff  __TI_pprof_out_hndl                     
ffffffff  __TI_prof_data_size                     
ffffffff  __TI_prof_data_start                    
00000000  __TI_static_base__                      
00004afd  __TI_zero_init                          
0000410d  __aeabi_cdrcmple                        
000042f9  __aeabi_d2f                             
00004739  __aeabi_d2iz                            
0000376d  __aeabi_dadd                            
00003919  __aeabi_ddiv                            
00003c91  __aeabi_dmul                            
00003763  __aeabi_dsub                            
000048cb  __aeabi_i2d                             
0000420d  __aeabi_memclr                          
0000420d  __aeabi_memclr4                         
0000420d  __aeabi_memclr8                         
00004071  __aeabi_memcpy                          
00004071  __aeabi_memcpy4                         
00004071  __aeabi_memcpy8                         
0000420f  __aeabi_memset                          
0000420f  __aeabi_memset4                         
0000420f  __aeabi_memset8                         
ffffffff  __binit__                               
ffffffff  __c_args__                              
00004287  __mpu_init                              
20000488  __stack                                 
00003739  __sti___8_main_cpp_t                    
000049b9  _args_main                              
000045b1  _c_int00                                
2000028c  _lock                                   
000049df  _nop                                    
000049d7  _register_lock                          
000049d1  _register_unlock                        
00004367  _system_post_cinit                      
00004b53  _system_pre_init                        
20000290  _unlock                                 
00004609  abort                                   
20000709  adcConvCount                            
2000070a  adcConvinProgr                          
20000700  adcMedian                               
200006c4  adcValue                                
ffffffff  binit                                   
2000070b  brightness                              
2000070c  brightnessChanged                       
2000070d  btn1Pressed                             
2000070e  btn2Pressed                             
00003d8d  ceil                                    
00003d8d  ceill                                   
2000070f  changed                                 
200006f6  clk                                     
000046a5  copy_in                                 
20000710  debounced                               
200006ff  disp                                    
20000711  dispMode                                
00004611  exit                                    
00003e85  floor                                   
00003e85  floorl                                  
20000000  g_pfnRAMVectors                         
00000000  g_pfnVectors                            
20000704  i                                       
00002219  main                                    
20000484  main_func_sp                            
00004071  memcpy                                  
00004215  memset                                  
20000712  state                                   
000049e5  strcpy                                  
000049f9  strlen                                  
200006ec  t                                       
20000688  text                                    


GLOBAL SYMBOLS: SORTED BY Symbol Address 

address   name                                    
-------   ----                                    
00000000  __TI_static_base__                      
00000000  g_pfnVectors                            
00000200  __STACK_SIZE                            
0000026c  SHT$$INIT_ARRAY$$Base                   
00000270  SHT$$INIT_ARRAY$$Limit                  
00000271  ResetISR                                
00000291  _ZN4TimeC1Ev                            
00000291  _ZN4TimeC2Ev                            
000002c9  _ZN6DS3234C1Eh                          
000002c9  _ZN6DS3234C2Eh                          
000002e1  _ZN6DS32345beginEv                      
00000301  _ZN6DS32347getTimeEv                    
00000389  _ZN6DS32347setTimeEhhh                  
000003f9  _ZN6DS32347setDateEhht                  
00000491  _ZN6DS32346setDOWEh                     
000004c1  _ZN6DS323410getTimeStrEh                
00000611  _ZN6DS323410getDateStrEhhc              
00000b71  _ZN6DS32349getDOWStrEh                  
00000c11  _ZN6DS323411getMonthStrEh               
00000cf9  _ZN6DS32347getTempEv                    
00000d79  _ZN6DS32344pokeEhh                      
00000db9  _ZN6DS32344peekEh                       
00000e09  _ZN6DS32349_readByteEv                  
00000e21  _ZN6DS323410_writeByteEh                
00000e81  _ZN6DS323413_readRegisterEh             
00000eb9  _ZN6DS323414_writeRegisterEhh           
00000f19  _ZN6DS323410_burstReadEv                
00000f81  _ZN6DS323410_ssPinHighEv                
00000fb9  _ZN6DS32349_ssPinLowEv                  
00000fd1  _ZN6DS32347_decodeEh                    
00001019  _ZN6DS32348_decodeHEh                   
00001079  _ZN6DS32348_decodeYEh                   
000010a9  _ZN6DS32347_encodeEh                    
000010e1  _ZN6DS32349_SPIstartEv                  
000011e9  _ZN6DS32349_SPIwriteEh                  
00001261  _ZN6DS32348_SPIreadEv                   
000012d9  _ZN8HCMS39XXC1Ev                        
000012d9  _ZN8HCMS39XXC2Ev                        
000012e9  _ZN8HCMS39XX10initializeEv              
00001351  _ZN8HCMS39XX10encodeCharEc              
00001b81  _ZN8HCMS39XX11write4CharsEPh            
00001c81  _ZN8HCMS39XX13setBrightnessEh           
00001cb1  _ZN8HCMS39XX15setControlWord0Ehbh       
00001da9  _ZN8HCMS39XX15setControlWord1Ebb        
00001e99  _ZN8HCMS39XX17selectDotRegisterEv       
00001eb9  _ZN8HCMS39XX21selectControlRegisterEv   
00001ed9  _ZN8HCMS39XX10chipEnableEv              
00001ef1  _ZN8HCMS39XX11chipDisableEv             
00001f09  _ZN8HCMS39XX6clkLowEv                   
00001f21  _ZN8HCMS39XX7clkHighEv                  
00001f39  _ZN8HCMS39XX12blankDisplayEv            
00001f51  _ZN8HCMS39XX14unBlankDisplayEv          
00001f69  _ZN8HCMS39XX9writeCharEh                
00002051  _ZN8HCMS39XX11writeStringEPc            
00002161  _ZN8HCMS39XX9setupGPIOEv                
000021e1  _ZN8HCMS39XX11waitNoTicksEi             
00002219  main                                    
00002831  _Z13stringBuilderPchhthhhh12DisplayModes
00002f41  _Z5delayi                               
00002f61  _Z17Timer1BIntHandlerv                  
00003039  _Z17Timer0AIntHandlerv                  
000030b9  _Z9shiftMenuv                           
00003159  _Z17incrementDateTimev                  
00003431  _Z12onButtonDownv                       
000034b1  _Z15onSecondElapsedv                    
000034d1  _Z16setupPeripheralsv                   
00003739  __sti___8_main_cpp_t                    
00003763  __aeabi_dsub                            
0000376d  __aeabi_dadd                            
00003919  __aeabi_ddiv                            
00003a4f  GPIOPadConfigSet                        
00003b81  SysCtlClockGet                          
00003c91  __aeabi_dmul                            
00003d8d  ceil                                    
00003d8d  ceill                                   
00003e85  floor                                   
00003e85  floorl                                  
00003f7d  SysCtlClockSet                          
00004071  __aeabi_memcpy                          
00004071  __aeabi_memcpy4                         
00004071  __aeabi_memcpy8                         
00004071  memcpy                                  
0000410d  __aeabi_cdrcmple                        
00004193  ADCSequenceStepConfigure                
0000420d  __aeabi_memclr                          
0000420d  __aeabi_memclr4                         
0000420d  __aeabi_memclr8                         
0000420f  __aeabi_memset                          
0000420f  __aeabi_memset4                         
0000420f  __aeabi_memset8                         
00004215  memset                                  
00004287  __mpu_init                              
00004289  __TI_auto_init                          
000042f9  __aeabi_d2f                             
00004367  _system_post_cinit                      
00004369  IntDisable                              
000043d1  IntEnable                               
00004439  __TI_decompress_lzss                    
000044a1  TimerConfigure                          
00004501  ADCSequenceConfigure                    
00004559  GPIOIntTypeSet                          
000045b1  _c_int00                                
00004605  C$$EXIT                                 
00004609  abort                                   
00004611  exit                                    
000046a5  copy_in                                 
000046f1  GPIOPinConfigure                        
00004739  __aeabi_d2iz                            
000047c1  SSIConfigSetExpClk                      
000047fd  SysCtlPeripheralReady                   
00004835  IntRegister                             
00004869  SysCtlPeripheralEnable                  
0000489d  ADCIntStatus                            
000048cb  __aeabi_i2d                             
000048f9  GPIODirModeSet                          
00004923  ADCSequenceDataGet                      
00004941  ADCProcessorTrigger                     
00004959  GPIOIntRegister                         
00004971  GPIOPinTypeGPIOOutput                   
00004989  TimerDisable                            
000049a1  TimerIntRegister                        
000049b9  _args_main                              
000049d1  _register_unlock                        
000049d7  _register_lock                          
000049df  _nop                                    
000049e5  strcpy                                  
000049f9  strlen                                  
00004a0d  GPIOPinTypeADC                          
00004a1f  GPIOPinTypeGPIOInput                    
00004a31  GPIOPinTypeSSI                          
00004a43  SSIDataGetNonBlocking                   
00004a55  TimerLoadSet                            
00004a67  IntMasterDisable                        
00004a77  IntMasterEnable                         
00004a87  ADCSequenceEnable                       
00004a95  GPIOIntDisable                          
00004aa3  GPIOIntStatus                           
00004ab1  TimerEnable                             
00004abf  __TI_decompress_none                    
00004acd  CPUcpsid                                
00004ad9  CPUcpsie                                
00004ae5  GPIOIntEnable                           
00004af1  SSIDataGet                              
00004afd  __TI_zero_init                          
00004b09  ADCIntClear                             
00004b13  SSIDataPut                              
00004b1d  SSIEnable                               
00004b27  SSIBusy                                 
00004b2f  TimerIntEnable                          
00004b37  GPIOIntClear                            
00004b3d  GPIOPinRead                             
00004b43  GPIOPinWrite                            
00004b49  SysCtlDelay                             
00004b4f  TimerIntClear                           
00004b53  _system_pre_init                        
000050e0  __TI_Handler_Table_Base                 
000050ec  __TI_Handler_Table_Limit                
00005100  __TI_CINIT_Base                         
00005118  __TI_CINIT_Limit                        
20000000  g_pfnRAMVectors                         
2000026c  __TI_cleanup_ptr                        
20000270  __TI_dtors_ptr                          
20000274  __TI_enable_exit_profile_output         
2000028c  _lock                                   
20000290  _unlock                                 
20000294  _ASCII_0                                
20000299  _ASCII_1                                
2000029e  _ASCII_2                                
200002a3  _ASCII_3                                
200002a8  _ASCII_4                                
200002ad  _ASCII_5                                
200002b2  _ASCII_6                                
200002b7  _ASCII_7                                
200002bc  _ASCII_8                                
200002c1  _ASCII_9                                
200002c6  _ASCII_A                                
200002cb  _ASCII_AMP                              
200002d0  _ASCII_ANF                              
200002d5  _ASCII_AST                              
200002da  _ASCII_AT                               
200002df  _ASCII_AUML                             
200002e4  _ASCII_B                                
200002e9  _ASCII_BDS                              
200002ee  _ASCII_BLK                              
200002f3  _ASCII_BNK                              
200002f8  _ASCII_BSL                              
200002fd  _ASCII_C                                
20000302  _ASCII_D                                
20000307  _ASCII_DOL                              
2000030c  _ASCII_DOT                              
20000311  _ASCII_DPT                              
20000316  _ASCII_E                                
2000031b  _ASCII_EQ                               
20000320  _ASCII_EXM                              
20000325  _ASCII_F                                
2000032a  _ASCII_G                                
2000032f  _ASCII_H                                
20000334  _ASCII_HKM                              
20000339  _ASCII_HSH                              
2000033e  _ASCII_I                                
20000343  _ASCII_J                                
20000348  _ASCII_K                                
2000034d  _ASCII_L                                
20000352  _ASCII_LGK                              
20000357  _ASCII_LKM                              
2000035c  _ASCII_LRK                              
20000361  _ASCII_LSK                              
20000366  _ASCII_M                                
2000036b  _ASCII_N                                
20000370  _ASCII_O                                
20000375  _ASCII_OUML                             
2000037a  _ASCII_P                                
2000037f  _ASCII_PFO                              
20000384  _ASCII_PIP                              
20000389  _ASCII_PLS                              
2000038e  _ASCII_PRZ                              
20000393  _ASCII_Q                                
20000398  _ASCII_QSM                              
2000039d  _ASCII_R                                
200003a2  _ASCII_RGK                              
200003a7  _ASCII_RRK                              
200003ac  _ASCII_RSK                              
200003b1  _ASCII_S                                
200003b6  _ASCII_SL                               
200003bb  _ASCII_T                                
200003c0  _ASCII_TIC                              
200003c5  _ASCII_TIL                              
200003ca  _ASCII_U                                
200003cf  _ASCII_UUML                             
200003d4  _ASCII_V                                
200003d9  _ASCII_W                                
200003de  _ASCII_X                                
200003e3  _ASCII_Y                                
200003e8  _ASCII_Z                                
200003ed  _ASCII__                                
200003f2  _ASCII_a                                
200003f7  _ASCII_auml                             
200003fc  _ASCII_b                                
20000401  _ASCII_c                                
20000406  _ASCII_d                                
2000040b  _ASCII_e                                
20000410  _ASCII_f                                
20000415  _ASCII_g                                
2000041a  _ASCII_h                                
2000041f  _ASCII_i                                
20000424  _ASCII_j                                
20000429  _ASCII_k                                
2000042e  _ASCII_l                                
20000433  _ASCII_m                                
20000438  _ASCII_n                                
2000043d  _ASCII_o                                
20000442  _ASCII_ouml                             
20000447  _ASCII_p                                
2000044c  _ASCII_q                                
20000451  _ASCII_r                                
20000456  _ASCII_s                                
2000045b  _ASCII_t                                
20000460  _ASCII_u                                
20000465  _ASCII_uuml                             
2000046a  _ASCII_v                                
2000046f  _ASCII_w                                
20000474  _ASCII_x                                
20000479  _ASCII_y                                
2000047e  _ASCII_z                                
20000484  main_func_sp                            
20000488  __stack                                 
20000688  __STACK_END                             
20000688  __STACK_TOP                             
20000688  text                                    
200006c4  adcValue                                
200006ec  t                                       
200006f6  clk                                     
200006ff  disp                                    
20000700  adcMedian                               
20000704  i                                       
20000709  adcConvCount                            
2000070a  adcConvinProgr                          
2000070b  brightness                              
2000070c  brightnessChanged                       
2000070d  btn1Pressed                             
2000070e  btn2Pressed                             
2000070f  changed                                 
20000710  debounced                               
20000711  dispMode                                
20000712  state                                   
ffffffff  __TI_pprof_out_hndl                     
ffffffff  __TI_prof_data_size                     
ffffffff  __TI_prof_data_start                    
ffffffff  __binit__                               
ffffffff  __c_args__                              
ffffffff  binit                                   

[291 symbols]
