<?xml version="1.0" encoding="ISO-8859-1" ?>
<link_info>
   <banner>TI ARM Linker Unix v18.1.2.LTS</banner>
   <copyright>Copyright (c) 1996-2017 Texas Instruments Incorporated</copyright>
   <link_time>0x5c8fab5f</link_time>
   <link_errors>0x0</link_errors>
   <output_file>Uhr.out</output_file>
   <entry_point>
      <name>_c_int00_noargs</name>
      <address>0x4211</address>
   </entry_point>
   <input_file_list>
      <input_file id="fl-1">
         <kind>object</kind>
         <file>tm4c123gh6pm_startup_ccs.obj</file>
         <name>tm4c123gh6pm_startup_ccs.obj</name>
      </input_file>
      <input_file id="fl-6">
         <kind>object</kind>
         <file>&lt;internal&gt;</file>
         <name>&lt;internal&gt;</name>
      </input_file>
      <input_file id="fl-bc">
         <path>/home/raphael/ti/ccsv8/tools/compiler/ti-cgt-arm_18.1.2.LTS/lib/</path>
         <kind>archive</kind>
         <file>rtsv7M4_T_le_v4SPD16_eabi.lib</file>
         <name>s_ceil.c.obj</name>
      </input_file>
      <input_file id="fl-bd">
         <path>/home/raphael/ti/ccsv8/tools/compiler/ti-cgt-arm_18.1.2.LTS/lib/</path>
         <kind>archive</kind>
         <file>rtsv7M4_T_le_v4SPD16_eabi.lib</file>
         <name>s_floor.c.obj</name>
      </input_file>
      <input_file id="fl-be">
         <path>/home/raphael/ti/ccsv8/tools/compiler/ti-cgt-arm_18.1.2.LTS/lib/</path>
         <kind>archive</kind>
         <file>rtsv7M4_T_le_v4SPD16_eabi.lib</file>
         <name>e_log2f.c.obj</name>
      </input_file>
      <input_file id="fl-bf">
         <path>/home/raphael/ti/ccsv8/tools/compiler/ti-cgt-arm_18.1.2.LTS/lib/</path>
         <kind>archive</kind>
         <file>rtsv7M4_T_le_v4SPD16_eabi.lib</file>
         <name>s_ceilf.c.obj</name>
      </input_file>
      <input_file id="fl-c0">
         <path>/home/raphael/ti/ccsv8/tools/compiler/ti-cgt-arm_18.1.2.LTS/lib/</path>
         <kind>archive</kind>
         <file>rtsv7M4_T_le_v4SPD16_eabi.lib</file>
         <name>fd_add_t2.asm.obj</name>
      </input_file>
      <input_file id="fl-c1">
         <path>/home/raphael/ti/ccsv8/tools/compiler/ti-cgt-arm_18.1.2.LTS/lib/</path>
         <kind>archive</kind>
         <file>rtsv7M4_T_le_v4SPD16_eabi.lib</file>
         <name>fd_cmp_t2.asm.obj</name>
      </input_file>
      <input_file id="fl-c2">
         <path>/home/raphael/ti/ccsv8/tools/compiler/ti-cgt-arm_18.1.2.LTS/lib/</path>
         <kind>archive</kind>
         <file>rtsv7M4_T_le_v4SPD16_eabi.lib</file>
         <name>fd_div_t2.asm.obj</name>
      </input_file>
      <input_file id="fl-c3">
         <path>/home/raphael/ti/ccsv8/tools/compiler/ti-cgt-arm_18.1.2.LTS/lib/</path>
         <kind>archive</kind>
         <file>rtsv7M4_T_le_v4SPD16_eabi.lib</file>
         <name>fd_mul_t2.asm.obj</name>
      </input_file>
      <input_file id="fl-c4">
         <path>/home/raphael/ti/ccsv8/tools/compiler/ti-cgt-arm_18.1.2.LTS/lib/</path>
         <kind>archive</kind>
         <file>rtsv7M4_T_le_v4SPD16_eabi.lib</file>
         <name>fd_toi_t2.asm.obj</name>
      </input_file>
      <input_file id="fl-c5">
         <path>/home/raphael/ti/ccsv8/tools/compiler/ti-cgt-arm_18.1.2.LTS/lib/</path>
         <kind>archive</kind>
         <file>rtsv7M4_T_le_v4SPD16_eabi.lib</file>
         <name>fd_tos_t2.asm.obj</name>
      </input_file>
      <input_file id="fl-c6">
         <path>/home/raphael/ti/ccsv8/tools/compiler/ti-cgt-arm_18.1.2.LTS/lib/</path>
         <kind>archive</kind>
         <file>rtsv7M4_T_le_v4SPD16_eabi.lib</file>
         <name>i_tofd_t2.asm.obj</name>
      </input_file>
      <input_file id="fl-c7">
         <path>/home/raphael/ti/ccsv8/tools/compiler/ti-cgt-arm_18.1.2.LTS/lib/</path>
         <kind>archive</kind>
         <file>rtsv7M4_T_le_v4SPD16_eabi.lib</file>
         <name>memcpy_t2.asm.obj</name>
      </input_file>
      <input_file id="fl-c8">
         <path>/home/raphael/ti/ccsv8/tools/compiler/ti-cgt-arm_18.1.2.LTS/lib/</path>
         <kind>archive</kind>
         <file>rtsv7M4_T_le_v4SPD16_eabi.lib</file>
         <name>copy_zero_init.c.obj</name>
      </input_file>
      <input_file id="fl-c9">
         <path>/home/raphael/ti/ccsv8/tools/compiler/ti-cgt-arm_18.1.2.LTS/lib/</path>
         <kind>archive</kind>
         <file>rtsv7M4_T_le_v4SPD16_eabi.lib</file>
         <name>copy_decompress_none.c.obj</name>
      </input_file>
      <input_file id="fl-ca">
         <path>/home/raphael/ti/ccsv8/tools/compiler/ti-cgt-arm_18.1.2.LTS/lib/</path>
         <kind>archive</kind>
         <file>rtsv7M4_T_le_v4SPD16_eabi.lib</file>
         <name>copy_decompress_lzss.c.obj</name>
      </input_file>
      <input_file id="fl-cb">
         <path>/home/raphael/ti/ccsv8/tools/compiler/ti-cgt-arm_18.1.2.LTS/lib/</path>
         <kind>archive</kind>
         <file>rtsv7M4_T_le_v4SPD16_eabi.lib</file>
         <name>boot_cortex_m.c.obj</name>
      </input_file>
      <input_file id="fl-cc">
         <path>/home/raphael/ti/ccsv8/tools/compiler/ti-cgt-arm_18.1.2.LTS/lib/</path>
         <kind>archive</kind>
         <file>rtsv7M4_T_le_v4SPD16_eabi.lib</file>
         <name>errno.c.obj</name>
      </input_file>
      <input_file id="fl-cd">
         <path>/home/raphael/ti/ccsv8/tools/compiler/ti-cgt-arm_18.1.2.LTS/lib/</path>
         <kind>archive</kind>
         <file>rtsv7M4_T_le_v4SPD16_eabi.lib</file>
         <name>exit.c.obj</name>
      </input_file>
      <input_file id="fl-ce">
         <path>/home/raphael/ti/ccsv8/tools/compiler/ti-cgt-arm_18.1.2.LTS/lib/</path>
         <kind>archive</kind>
         <file>rtsv7M4_T_le_v4SPD16_eabi.lib</file>
         <name>_lock.c.obj</name>
      </input_file>
      <input_file id="fl-cf">
         <path>/home/raphael/ti/ccsv8/tools/compiler/ti-cgt-arm_18.1.2.LTS/lib/</path>
         <kind>archive</kind>
         <file>rtsv7M4_T_le_v4SPD16_eabi.lib</file>
         <name>args_main.c.obj</name>
      </input_file>
      <input_file id="fl-d0">
         <path>/home/raphael/ti/ccsv8/tools/compiler/ti-cgt-arm_18.1.2.LTS/lib/</path>
         <kind>archive</kind>
         <file>rtsv7M4_T_le_v4SPD16_eabi.lib</file>
         <name>strcpy.c.obj</name>
      </input_file>
      <input_file id="fl-d1">
         <path>/home/raphael/ti/ccsv8/tools/compiler/ti-cgt-arm_18.1.2.LTS/lib/</path>
         <kind>archive</kind>
         <file>rtsv7M4_T_le_v4SPD16_eabi.lib</file>
         <name>strlen.c.obj</name>
      </input_file>
      <input_file id="fl-d2">
         <path>/home/raphael/ti/ccsv8/tools/compiler/ti-cgt-arm_18.1.2.LTS/lib/</path>
         <kind>archive</kind>
         <file>rtsv7M4_T_le_v4SPD16_eabi.lib</file>
         <name>memset_t2.asm.obj</name>
      </input_file>
      <input_file id="fl-d3">
         <path>/home/raphael/ti/ccsv8/tools/compiler/ti-cgt-arm_18.1.2.LTS/lib/</path>
         <kind>archive</kind>
         <file>rtsv7M4_T_le_v4SPD16_eabi.lib</file>
         <name>autoinit.c.obj</name>
      </input_file>
      <input_file id="fl-d4">
         <path>/home/raphael/ti/ccsv8/tools/compiler/ti-cgt-arm_18.1.2.LTS/lib/</path>
         <kind>archive</kind>
         <file>rtsv7M4_T_le_v4SPD16_eabi.lib</file>
         <name>pre_init.c.obj</name>
      </input_file>
      <input_file id="fl-d5">
         <path>/home/raphael/ti/ccsv8/tools/compiler/ti-cgt-arm_18.1.2.LTS/lib/</path>
         <kind>archive</kind>
         <file>rtsv7M4_T_le_v4SPD16_eabi.lib</file>
         <name>cpy_tbl.c.obj</name>
      </input_file>
      <input_file id="fl-d6">
         <path>/home/raphael/ti/tivaware/driverlib/ccs/Debug/</path>
         <kind>archive</kind>
         <file>driverlib.lib</file>
         <name>gpio.obj</name>
      </input_file>
      <input_file id="fl-d7">
         <path>/home/raphael/ti/tivaware/driverlib/ccs/Debug/</path>
         <kind>archive</kind>
         <file>driverlib.lib</file>
         <name>i2c.obj</name>
      </input_file>
      <input_file id="fl-d8">
         <path>/home/raphael/ti/tivaware/driverlib/ccs/Debug/</path>
         <kind>archive</kind>
         <file>driverlib.lib</file>
         <name>interrupt.obj</name>
      </input_file>
      <input_file id="fl-d9">
         <path>/home/raphael/ti/tivaware/driverlib/ccs/Debug/</path>
         <kind>archive</kind>
         <file>driverlib.lib</file>
         <name>ssi.obj</name>
      </input_file>
      <input_file id="fl-da">
         <path>/home/raphael/ti/tivaware/driverlib/ccs/Debug/</path>
         <kind>archive</kind>
         <file>driverlib.lib</file>
         <name>sysctl.obj</name>
      </input_file>
      <input_file id="fl-db">
         <path>/home/raphael/ti/tivaware/driverlib/ccs/Debug/</path>
         <kind>archive</kind>
         <file>driverlib.lib</file>
         <name>timer.obj</name>
      </input_file>
      <input_file id="fl-dc">
         <path>/home/raphael/ti/tivaware/driverlib/ccs/Debug/</path>
         <kind>archive</kind>
         <file>driverlib.lib</file>
         <name>uart.obj</name>
      </input_file>
      <input_file id="fl-dd">
         <path>/home/raphael/ti/tivaware/driverlib/ccs/Debug/</path>
         <kind>archive</kind>
         <file>driverlib.lib</file>
         <name>cpu.obj</name>
      </input_file>
   </input_file_list>
   <object_component_list>
      <object_component id="oc-f">
         <name>.intvecs</name>
         <load_address>0x0</load_address>
         <run_address>0x0</run_address>
         <size>0x26c</size>
         <input_file_ref idref="fl-1"/>
      </object_component>
      <object_component id="oc-25">
         <name>.text</name>
         <load_address>0x26c</load_address>
         <run_address>0x26c</run_address>
         <size>0x2f28</size>
         <input_file_ref idref="fl-1"/>
      </object_component>
      <object_component id="oc-79">
         <name>.text</name>
         <load_address>0x3194</load_address>
         <run_address>0x3194</run_address>
         <size>0x1b6</size>
         <input_file_ref idref="fl-c0"/>
      </object_component>
      <object_component id="oc-4be">
         <name>.text:log2f</name>
         <load_address>0x334c</load_address>
         <run_address>0x334c</run_address>
         <size>0x140</size>
         <input_file_ref idref="fl-be"/>
      </object_component>
      <object_component id="oc-1fe">
         <name>.text</name>
         <load_address>0x348c</load_address>
         <run_address>0x348c</run_address>
         <size>0x136</size>
         <input_file_ref idref="fl-c2"/>
      </object_component>
      <object_component id="oc-23e">
         <name>.text:GPIOPadConfigSet</name>
         <load_address>0x35c2</load_address>
         <run_address>0x35c2</run_address>
         <size>0x132</size>
         <input_file_ref idref="fl-d6"/>
      </object_component>
      <object_component id="oc-74">
         <name>.text</name>
         <load_address>0x36f4</load_address>
         <run_address>0x36f4</run_address>
         <size>0xfc</size>
         <input_file_ref idref="fl-c3"/>
      </object_component>
      <object_component id="oc-203">
         <name>.text:ceil</name>
         <load_address>0x37f0</load_address>
         <run_address>0x37f0</run_address>
         <size>0xf8</size>
         <input_file_ref idref="fl-bc"/>
      </object_component>
      <object_component id="oc-270">
         <name>.text:floor</name>
         <load_address>0x38e8</load_address>
         <run_address>0x38e8</run_address>
         <size>0xf8</size>
         <input_file_ref idref="fl-bd"/>
      </object_component>
      <object_component id="oc-2ec">
         <name>.text:SysCtlClockSet</name>
         <load_address>0x39e0</load_address>
         <run_address>0x39e0</run_address>
         <size>0xf4</size>
         <input_file_ref idref="fl-da"/>
      </object_component>
      <object_component id="oc-3b">
         <name>.text</name>
         <load_address>0x3ad4</load_address>
         <run_address>0x3ad4</run_address>
         <size>0x9c</size>
         <input_file_ref idref="fl-c7"/>
      </object_component>
      <object_component id="oc-49c">
         <name>.text:__aeabi_cdrcmple</name>
         <load_address>0x3b70</load_address>
         <run_address>0x3b70</run_address>
         <size>0x86</size>
         <input_file_ref idref="fl-c1"/>
      </object_component>
      <object_component id="oc-393">
         <name>.text</name>
         <load_address>0x3bf6</load_address>
         <run_address>0x3bf6</run_address>
         <size>0x7a</size>
         <input_file_ref idref="fl-d2"/>
      </object_component>
      <object_component id="oc-4c4">
         <name>.text:ceilf</name>
         <load_address>0x3c70</load_address>
         <run_address>0x3c70</run_address>
         <size>0x78</size>
         <input_file_ref idref="fl-bf"/>
      </object_component>
      <object_component id="oc-7e">
         <name>.text</name>
         <load_address>0x3ce8</load_address>
         <run_address>0x3ce8</run_address>
         <size>0x6e</size>
         <input_file_ref idref="fl-c5"/>
      </object_component>
      <object_component id="oc-29c">
         <name>.text:IntDisable</name>
         <load_address>0x3d58</load_address>
         <run_address>0x3d58</run_address>
         <size>0x68</size>
         <input_file_ref idref="fl-d8"/>
      </object_component>
      <object_component id="oc-2a5">
         <name>.text:IntEnable</name>
         <load_address>0x3dc0</load_address>
         <run_address>0x3dc0</run_address>
         <size>0x68</size>
         <input_file_ref idref="fl-d8"/>
      </object_component>
      <object_component id="oc-12">
         <name>.text:decompress:lzss:__TI_decompress_lzss</name>
         <load_address>0x3e28</load_address>
         <run_address>0x3e28</run_address>
         <size>0x68</size>
         <input_file_ref idref="fl-ca"/>
      </object_component>
      <object_component id="oc-2f2">
         <name>.text:TimerConfigure</name>
         <load_address>0x3e90</load_address>
         <run_address>0x3e90</run_address>
         <size>0x60</size>
         <input_file_ref idref="fl-db"/>
      </object_component>
      <object_component id="oc-544">
         <name>.text:__TI_auto_init_nobinit:__TI_auto_init_nobinit</name>
         <load_address>0x3ef0</load_address>
         <run_address>0x3ef0</run_address>
         <size>0x60</size>
         <input_file_ref idref="fl-d3"/>
      </object_component>
      <object_component id="oc-310">
         <name>.text:GPIOIntTypeSet</name>
         <load_address>0x3f50</load_address>
         <run_address>0x3f50</run_address>
         <size>0x56</size>
         <input_file_ref idref="fl-d6"/>
      </object_component>
      <object_component id="oc-244">
         <name>.text:I2CMasterInitExpClk</name>
         <load_address>0x3fa8</load_address>
         <run_address>0x3fa8</run_address>
         <size>0x4c</size>
         <input_file_ref idref="fl-d7"/>
      </object_component>
      <object_component id="oc-4fb">
         <name>.text:_TimerIntNumberGet</name>
         <load_address>0x3ff4</load_address>
         <run_address>0x3ff4</run_address>
         <size>0x4c</size>
         <input_file_ref idref="fl-db"/>
      </object_component>
      <object_component id="oc-95">
         <name>.text:GPIOPinConfigure</name>
         <load_address>0x4040</load_address>
         <run_address>0x4040</run_address>
         <size>0x48</size>
         <input_file_ref idref="fl-d6"/>
      </object_component>
      <object_component id="oc-209">
         <name>.text</name>
         <load_address>0x4088</load_address>
         <run_address>0x4088</run_address>
         <size>0x48</size>
         <input_file_ref idref="fl-c4"/>
      </object_component>
      <object_component id="oc-328">
         <name>.text:UARTConfigSetExpClk</name>
         <load_address>0x40d0</load_address>
         <run_address>0x40d0</run_address>
         <size>0x46</size>
         <input_file_ref idref="fl-dc"/>
      </object_component>
      <object_component id="oc-509">
         <name>.text:_GPIOIntNumberGet</name>
         <load_address>0x4118</load_address>
         <run_address>0x4118</run_address>
         <size>0x44</size>
         <input_file_ref idref="fl-d6"/>
      </object_component>
      <object_component id="oc-51c">
         <name>.text:_UARTIntNumberGet</name>
         <load_address>0x415c</load_address>
         <run_address>0x415c</run_address>
         <size>0x40</size>
         <input_file_ref idref="fl-dc"/>
      </object_component>
      <object_component id="oc-a1">
         <name>.text:SSIConfigSetExpClk</name>
         <load_address>0x419c</load_address>
         <run_address>0x419c</run_address>
         <size>0x3c</size>
         <input_file_ref idref="fl-d9"/>
      </object_component>
      <object_component id="oc-1f8">
         <name>.text:SysCtlPeripheralReady</name>
         <load_address>0x41d8</load_address>
         <run_address>0x41d8</run_address>
         <size>0x38</size>
         <input_file_ref idref="fl-da"/>
      </object_component>
      <object_component id="oc-59">
         <name>.text:_c_int00_noargs:_c_int00_noargs</name>
         <load_address>0x4210</load_address>
         <run_address>0x4210</run_address>
         <size>0x38</size>
         <input_file_ref idref="fl-cb"/>
      </object_component>
      <object_component id="oc-501">
         <name>.text:IntRegister</name>
         <load_address>0x4248</load_address>
         <run_address>0x4248</run_address>
         <size>0x34</size>
         <input_file_ref idref="fl-d8"/>
      </object_component>
      <object_component id="oc-89">
         <name>.text:SysCtlPeripheralEnable</name>
         <load_address>0x427c</load_address>
         <run_address>0x427c</run_address>
         <size>0x34</size>
         <input_file_ref idref="fl-da"/>
      </object_component>
      <object_component id="oc-6f">
         <name>.text</name>
         <load_address>0x42b0</load_address>
         <run_address>0x42b0</run_address>
         <size>0x2e</size>
         <input_file_ref idref="fl-c6"/>
      </object_component>
      <object_component id="oc-3b8">
         <name>.text:GPIODirModeSet</name>
         <load_address>0x42de</load_address>
         <run_address>0x42de</run_address>
         <size>0x2a</size>
         <input_file_ref idref="fl-d6"/>
      </object_component>
      <object_component id="oc-514">
         <name>.text:UARTDisable</name>
         <load_address>0x4308</load_address>
         <run_address>0x4308</run_address>
         <size>0x20</size>
         <input_file_ref idref="fl-dc"/>
      </object_component>
      <object_component id="oc-276">
         <name>.text:_Z5floorIiENSt3__29enable_ifIXsr3std3__211is_integralIT_EE5valueEdE4typeES2_</name>
         <load_address>0x4328</load_address>
         <run_address>0x4328</run_address>
         <size>0x1c</size>
         <input_file_ref idref="fl-1"/>
      </object_component>
      <object_component id="oc-30a">
         <name>.text:GPIOIntRegister</name>
         <load_address>0x4344</load_address>
         <run_address>0x4344</run_address>
         <size>0x18</size>
         <input_file_ref idref="fl-d6"/>
      </object_component>
      <object_component id="oc-8f">
         <name>.text:GPIOPinTypeGPIOOutput</name>
         <load_address>0x435c</load_address>
         <run_address>0x435c</run_address>
         <size>0x18</size>
         <input_file_ref idref="fl-d6"/>
      </object_component>
      <object_component id="oc-264">
         <name>.text:TimerDisable</name>
         <load_address>0x4374</load_address>
         <run_address>0x4374</run_address>
         <size>0x18</size>
         <input_file_ref idref="fl-db"/>
      </object_component>
      <object_component id="oc-2fe">
         <name>.text:TimerIntRegister</name>
         <load_address>0x438c</load_address>
         <run_address>0x438c</run_address>
         <size>0x18</size>
         <input_file_ref idref="fl-db"/>
      </object_component>
      <object_component id="oc-334">
         <name>.text:UARTIntRegister</name>
         <load_address>0x43a4</load_address>
         <run_address>0x43a4</run_address>
         <size>0x18</size>
         <input_file_ref idref="fl-dc"/>
      </object_component>
      <object_component id="oc-32e">
         <name>.text:UARTEnable</name>
         <load_address>0x43bc</load_address>
         <run_address>0x43bc</run_address>
         <size>0x14</size>
         <input_file_ref idref="fl-dc"/>
      </object_component>
      <object_component id="oc-24a">
         <name>.text:strcpy</name>
         <load_address>0x43d0</load_address>
         <run_address>0x43d0</run_address>
         <size>0x14</size>
         <input_file_ref idref="fl-d0"/>
      </object_component>
      <object_component id="oc-1f2">
         <name>.text:strlen</name>
         <load_address>0x43e4</load_address>
         <run_address>0x43e4</run_address>
         <size>0x14</size>
         <input_file_ref idref="fl-d1"/>
      </object_component>
      <object_component id="oc-238">
         <name>.text:GPIOPinTypeGPIOInput</name>
         <load_address>0x43f8</load_address>
         <run_address>0x43f8</run_address>
         <size>0x12</size>
         <input_file_ref idref="fl-d6"/>
      </object_component>
      <object_component id="oc-232">
         <name>.text:GPIOPinTypeI2C</name>
         <load_address>0x440a</load_address>
         <run_address>0x440a</run_address>
         <size>0x12</size>
         <input_file_ref idref="fl-d6"/>
      </object_component>
      <object_component id="oc-22c">
         <name>.text:GPIOPinTypeI2CSCL</name>
         <load_address>0x441c</load_address>
         <run_address>0x441c</run_address>
         <size>0x12</size>
         <input_file_ref idref="fl-d6"/>
      </object_component>
      <object_component id="oc-9b">
         <name>.text:GPIOPinTypeSSI</name>
         <load_address>0x442e</load_address>
         <run_address>0x442e</run_address>
         <size>0x12</size>
         <input_file_ref idref="fl-d6"/>
      </object_component>
      <object_component id="oc-316">
         <name>.text:GPIOPinTypeUART</name>
         <load_address>0x4440</load_address>
         <run_address>0x4440</run_address>
         <size>0x12</size>
         <input_file_ref idref="fl-d6"/>
      </object_component>
      <object_component id="oc-ad">
         <name>.text:SSIDataGetNonBlocking</name>
         <load_address>0x4452</load_address>
         <run_address>0x4452</run_address>
         <size>0x12</size>
         <input_file_ref idref="fl-d9"/>
      </object_component>
      <object_component id="oc-2f8">
         <name>.text:TimerLoadSet</name>
         <load_address>0x4464</load_address>
         <run_address>0x4464</run_address>
         <size>0x12</size>
         <input_file_ref idref="fl-db"/>
      </object_component>
      <object_component id="oc-2b0">
         <name>.text:IntMasterDisable</name>
         <load_address>0x4476</load_address>
         <run_address>0x4476</run_address>
         <size>0x10</size>
         <input_file_ref idref="fl-d8"/>
      </object_component>
      <object_component id="oc-2c2">
         <name>.text:IntMasterEnable</name>
         <load_address>0x4486</load_address>
         <run_address>0x4486</run_address>
         <size>0x10</size>
         <input_file_ref idref="fl-d8"/>
      </object_component>
      <object_component id="oc-25d">
         <name>.text:_Z4ceilf</name>
         <load_address>0x4496</load_address>
         <run_address>0x4496</run_address>
         <size>0x10</size>
         <input_file_ref idref="fl-1"/>
      </object_component>
      <object_component id="oc-256">
         <name>.text:_Z4log2f</name>
         <load_address>0x44a6</load_address>
         <run_address>0x44a6</run_address>
         <size>0x10</size>
         <input_file_ref idref="fl-1"/>
      </object_component>
      <object_component id="oc-26a">
         <name>.text:GPIOIntDisable</name>
         <load_address>0x44b6</load_address>
         <run_address>0x44b6</run_address>
         <size>0xe</size>
         <input_file_ref idref="fl-d6"/>
      </object_component>
      <object_component id="oc-2b6">
         <name>.text:GPIOIntStatus</name>
         <load_address>0x44c4</load_address>
         <run_address>0x44c4</run_address>
         <size>0xe</size>
         <input_file_ref idref="fl-d6"/>
      </object_component>
      <object_component id="oc-250">
         <name>.text:TimerEnable</name>
         <load_address>0x44d2</load_address>
         <run_address>0x44d2</run_address>
         <size>0xe</size>
         <input_file_ref idref="fl-db"/>
      </object_component>
      <object_component id="oc-2e0">
         <name>.text:UARTCharGetNonBlocking</name>
         <load_address>0x44e0</load_address>
         <run_address>0x44e0</run_address>
         <size>0xe</size>
         <input_file_ref idref="fl-dc"/>
      </object_component>
      <object_component id="oc-2e6">
         <name>.text:UARTCharsAvail</name>
         <load_address>0x44ee</load_address>
         <run_address>0x44ee</run_address>
         <size>0xe</size>
         <input_file_ref idref="fl-dc"/>
      </object_component>
      <object_component id="oc-18">
         <name>.text:decompress:none:__TI_decompress_none</name>
         <load_address>0x44fc</load_address>
         <run_address>0x44fc</run_address>
         <size>0xe</size>
         <input_file_ref idref="fl-c9"/>
      </object_component>
      <object_component id="oc-4e1">
         <name>.text:CPUcpsid</name>
         <load_address>0x450a</load_address>
         <run_address>0x450a</run_address>
         <size>0xc</size>
         <input_file_ref idref="fl-dd"/>
      </object_component>
      <object_component id="oc-4ea">
         <name>.text:CPUcpsie</name>
         <load_address>0x4516</load_address>
         <run_address>0x4516</run_address>
         <size>0xc</size>
         <input_file_ref idref="fl-dd"/>
      </object_component>
      <object_component id="oc-27d">
         <name>.text:GPIOIntEnable</name>
         <load_address>0x4522</load_address>
         <run_address>0x4522</run_address>
         <size>0xc</size>
         <input_file_ref idref="fl-d6"/>
      </object_component>
      <object_component id="oc-bf">
         <name>.text:SSIDataGet</name>
         <load_address>0x452e</load_address>
         <run_address>0x452e</run_address>
         <size>0xc</size>
         <input_file_ref idref="fl-d9"/>
      </object_component>
      <object_component id="oc-4d">
         <name>.text:decompress:ZI:__TI_zero_init</name>
         <load_address>0x453a</load_address>
         <run_address>0x453a</run_address>
         <size>0xc</size>
         <input_file_ref idref="fl-c8"/>
      </object_component>
      <object_component id="oc-4b3">
         <name>.text:I2CMasterEnable</name>
         <load_address>0x4546</load_address>
         <run_address>0x4546</run_address>
         <size>0xa</size>
         <input_file_ref idref="fl-d7"/>
      </object_component>
      <object_component id="oc-b3">
         <name>.text:SSIDataPut</name>
         <load_address>0x4550</load_address>
         <run_address>0x4550</run_address>
         <size>0xa</size>
         <input_file_ref idref="fl-d9"/>
      </object_component>
      <object_component id="oc-a7">
         <name>.text:SSIEnable</name>
         <load_address>0x455a</load_address>
         <run_address>0x455a</run_address>
         <size>0xa</size>
         <input_file_ref idref="fl-d9"/>
      </object_component>
      <object_component id="oc-2d4">
         <name>.text:UARTCharPut</name>
         <load_address>0x4564</load_address>
         <run_address>0x4564</run_address>
         <size>0xa</size>
         <input_file_ref idref="fl-dc"/>
      </object_component>
      <object_component id="oc-31c">
         <name>.text:UARTFIFOEnable</name>
         <load_address>0x456e</load_address>
         <run_address>0x456e</run_address>
         <size>0xa</size>
         <input_file_ref idref="fl-dc"/>
      </object_component>
      <object_component id="oc-220">
         <name>.text:I2CMasterBusy</name>
         <load_address>0x4578</load_address>
         <run_address>0x4578</run_address>
         <size>0x8</size>
         <input_file_ref idref="fl-d7"/>
      </object_component>
      <object_component id="oc-20e">
         <name>.text:I2CMasterSlaveAddrSet</name>
         <load_address>0x4580</load_address>
         <run_address>0x4580</run_address>
         <size>0x8</size>
         <input_file_ref idref="fl-d7"/>
      </object_component>
      <object_component id="oc-b9">
         <name>.text:SSIBusy</name>
         <load_address>0x4588</load_address>
         <run_address>0x4588</run_address>
         <size>0x8</size>
         <input_file_ref idref="fl-d9"/>
      </object_component>
      <object_component id="oc-304">
         <name>.text:TimerIntEnable</name>
         <load_address>0x4590</load_address>
         <run_address>0x4590</run_address>
         <size>0x8</size>
         <input_file_ref idref="fl-db"/>
      </object_component>
      <object_component id="oc-33a">
         <name>.text:UARTIntEnable</name>
         <load_address>0x4598</load_address>
         <run_address>0x4598</run_address>
         <size>0x8</size>
         <input_file_ref idref="fl-dc"/>
      </object_component>
      <object_component id="oc-58f">
         <name>.text:__aeabi_errno_addr</name>
         <load_address>0x45a0</load_address>
         <run_address>0x45a0</run_address>
         <size>0x8</size>
         <input_file_ref idref="fl-cc"/>
      </object_component>
      <object_component id="oc-2bc">
         <name>.text:GPIOIntClear</name>
         <load_address>0x45a8</load_address>
         <run_address>0x45a8</run_address>
         <size>0x6</size>
         <input_file_ref idref="fl-d6"/>
      </object_component>
      <object_component id="oc-2ce">
         <name>.text:GPIOPinRead</name>
         <load_address>0x45ae</load_address>
         <run_address>0x45ae</run_address>
         <size>0x6</size>
         <input_file_ref idref="fl-d6"/>
      </object_component>
      <object_component id="oc-83">
         <name>.text:GPIOPinWrite</name>
         <load_address>0x45b4</load_address>
         <run_address>0x45b4</run_address>
         <size>0x6</size>
         <input_file_ref idref="fl-d6"/>
      </object_component>
      <object_component id="oc-c5">
         <name>.text:SysCtlDelay</name>
         <load_address>0x45ba</load_address>
         <run_address>0x45ba</run_address>
         <size>0x6</size>
         <input_file_ref idref="fl-da"/>
      </object_component>
      <object_component id="oc-322">
         <name>.text:UARTFIFOLevelSet</name>
         <load_address>0x45c0</load_address>
         <run_address>0x45c0</run_address>
         <size>0x6</size>
         <input_file_ref idref="fl-dc"/>
      </object_component>
      <object_component id="oc-21a">
         <name>.text:I2CMasterControl</name>
         <load_address>0x45c6</load_address>
         <run_address>0x45c6</run_address>
         <size>0x4</size>
         <input_file_ref idref="fl-d7"/>
      </object_component>
      <object_component id="oc-226">
         <name>.text:I2CMasterDataGet</name>
         <load_address>0x45ca</load_address>
         <run_address>0x45ca</run_address>
         <size>0x4</size>
         <input_file_ref idref="fl-d7"/>
      </object_component>
      <object_component id="oc-214">
         <name>.text:I2CMasterDataPut</name>
         <load_address>0x45ce</load_address>
         <run_address>0x45ce</run_address>
         <size>0x4</size>
         <input_file_ref idref="fl-d7"/>
      </object_component>
      <object_component id="oc-2c8">
         <name>.text:TimerIntClear</name>
         <load_address>0x45d2</load_address>
         <run_address>0x45d2</run_address>
         <size>0x4</size>
         <input_file_ref idref="fl-db"/>
      </object_component>
      <object_component id="oc-2da">
         <name>.text:UARTIntClear</name>
         <load_address>0x45d6</load_address>
         <run_address>0x45d6</run_address>
         <size>0x4</size>
         <input_file_ref idref="fl-dc"/>
      </object_component>
      <object_component id="oc-399">
         <name>.text:_system_pre_init</name>
         <load_address>0x45da</load_address>
         <run_address>0x45da</run_address>
         <size>0x4</size>
         <input_file_ref idref="fl-d4"/>
      </object_component>
      <object_component id="oc-532">
         <name>.text:abort:abort</name>
         <load_address>0x45de</load_address>
         <run_address>0x45de</run_address>
         <size>0x4</size>
         <input_file_ref idref="fl-cd"/>
      </object_component>
      <object_component id="oc-5b5">
         <name>.const:g_ppui32GPIOIntMapSnowflake</name>
         <load_address>0x45e4</load_address>
         <run_address>0x45e4</run_address>
         <size>0xd8</size>
         <input_file_ref idref="fl-d6"/>
      </object_component>
      <object_component id="oc-5b2">
         <name>.const:g_ppui32GPIOIntMapBlizzard</name>
         <load_address>0x46bc</load_address>
         <run_address>0x46bc</run_address>
         <size>0xc0</size>
         <input_file_ref idref="fl-d6"/>
      </object_component>
      <object_component id="oc-3bf">
         <name>.const:g_pui32GPIOBaseAddrs</name>
         <load_address>0x477c</load_address>
         <run_address>0x477c</run_address>
         <size>0x90</size>
         <input_file_ref idref="fl-d6"/>
      </object_component>
      <object_component id="oc-4d7">
         <name>.const</name>
         <load_address>0x480c</load_address>
         <run_address>0x480c</run_address>
         <size>0x70</size>
         <input_file_ref idref="fl-d8"/>
      </object_component>
      <object_component id="oc-5a7">
         <name>.const:g_ppui32TimerIntMap</name>
         <load_address>0x487c</load_address>
         <run_address>0x487c</run_address>
         <size>0x60</size>
         <input_file_ref idref="fl-db"/>
      </object_component>
      <object_component id="oc-5aa">
         <name>.const:g_ppui32TimerIntMapSnowflake</name>
         <load_address>0x48dc</load_address>
         <run_address>0x48dc</run_address>
         <size>0x40</size>
         <input_file_ref idref="fl-db"/>
      </object_component>
      <object_component id="oc-5ba">
         <name>.const:g_ppui32UARTIntMap</name>
         <load_address>0x491c</load_address>
         <run_address>0x491c</run_address>
         <size>0x40</size>
         <input_file_ref idref="fl-dc"/>
      </object_component>
      <object_component id="oc-5bd">
         <name>.const:g_ppui32UARTIntMapSnowflake</name>
         <load_address>0x495c</load_address>
         <run_address>0x495c</run_address>
         <size>0x40</size>
         <input_file_ref idref="fl-dc"/>
      </object_component>
      <object_component id="oc-524">
         <name>.const:.string</name>
         <load_address>0x499c</load_address>
         <run_address>0x499c</run_address>
         <size>0x12</size>
         <input_file_ref idref="fl-1"/>
      </object_component>
      <object_component id="oc-c6">
         <name>.const:.string:$P$T0$1$2</name>
         <load_address>0x49ae</load_address>
         <run_address>0x49ae</run_address>
         <size>0x4</size>
         <input_file_ref idref="fl-1"/>
      </object_component>
      <object_component id="oc-659">
         <name>.cinit..data.load</name>
         <load_address>0x49b8</load_address>
         <run_address>0x49b8</run_address>
         <size>0x1ef</size>
      </object_component>
      <object_component id="oc-656">
         <name>__TI_handler_table</name>
         <load_address>0x4ba8</load_address>
         <run_address>0x4ba8</run_address>
         <size>0xc</size>
      </object_component>
      <object_component id="oc-65a">
         <name>.cinit..bss.load</name>
         <load_address>0x4bb8</load_address>
         <run_address>0x4bb8</run_address>
         <size>0x8</size>
      </object_component>
      <object_component id="oc-658">
         <name>.cinit..vtable.load</name>
         <load_address>0x4bc0</load_address>
         <run_address>0x4bc0</run_address>
         <size>0x8</size>
      </object_component>
      <object_component id="oc-657">
         <name>__TI_cinit_table</name>
         <load_address>0x4bc8</load_address>
         <run_address>0x4bc8</run_address>
         <size>0x18</size>
      </object_component>
      <object_component id="oc-21">
         <name>.init_array</name>
         <load_address>0x49b4</load_address>
         <run_address>0x49b4</run_address>
         <size>0x4</size>
         <input_file_ref idref="fl-1"/>
      </object_component>
      <object_component id="oc-65b">
         <name>SHT$$INIT_ARRAY$$Limit</name>
         <load_address>0x49b8</load_address>
         <run_address>0x49b8</run_address>
         <size>0x0</size>
      </object_component>
      <object_component id="oc-5ae">
         <name>.vtable</name>
         <uninitialized>true</uninitialized>
         <run_address>0x20000000</run_address>
         <size>0x26c</size>
         <input_file_ref idref="fl-d8"/>
      </object_component>
      <object_component id="oc-6d">
         <name>.data:output$1$1</name>
         <load_address>0x20000277</load_address>
         <run_address>0x20000277</run_address>
         <size>0x9</size>
         <input_file_ref idref="fl-1"/>
      </object_component>
      <object_component id="oc-6e">
         <name>.data:output$2$1</name>
         <load_address>0x2000026c</load_address>
         <run_address>0x2000026c</run_address>
         <size>0xb</size>
         <input_file_ref idref="fl-1"/>
      </object_component>
      <object_component id="oc-c9">
         <name>.data:_ASCII_BNK</name>
         <load_address>0x200002df</load_address>
         <run_address>0x200002df</run_address>
         <size>0x5</size>
         <input_file_ref idref="fl-1"/>
      </object_component>
      <object_component id="oc-cc">
         <name>.data:_ASCII_EXM</name>
         <load_address>0x2000030c</load_address>
         <run_address>0x2000030c</run_address>
         <size>0x5</size>
         <input_file_ref idref="fl-1"/>
      </object_component>
      <object_component id="oc-cf">
         <name>.data:_ASCII_ANF</name>
         <load_address>0x200002bc</load_address>
         <run_address>0x200002bc</run_address>
         <size>0x5</size>
         <input_file_ref idref="fl-1"/>
      </object_component>
      <object_component id="oc-d2">
         <name>.data:_ASCII_HSH</name>
         <load_address>0x20000325</load_address>
         <run_address>0x20000325</run_address>
         <size>0x5</size>
         <input_file_ref idref="fl-1"/>
      </object_component>
      <object_component id="oc-d5">
         <name>.data:_ASCII_DOL</name>
         <load_address>0x200002f3</load_address>
         <run_address>0x200002f3</run_address>
         <size>0x5</size>
         <input_file_ref idref="fl-1"/>
      </object_component>
      <object_component id="oc-d8">
         <name>.data:_ASCII_PRZ</name>
         <load_address>0x2000037a</load_address>
         <run_address>0x2000037a</run_address>
         <size>0x5</size>
         <input_file_ref idref="fl-1"/>
      </object_component>
      <object_component id="oc-db">
         <name>.data:_ASCII_AMP</name>
         <load_address>0x200002b7</load_address>
         <run_address>0x200002b7</run_address>
         <size>0x5</size>
         <input_file_ref idref="fl-1"/>
      </object_component>
      <object_component id="oc-de">
         <name>.data:_ASCII_HKM</name>
         <load_address>0x20000320</load_address>
         <run_address>0x20000320</run_address>
         <size>0x5</size>
         <input_file_ref idref="fl-1"/>
      </object_component>
      <object_component id="oc-e1">
         <name>.data:_ASCII_LRK</name>
         <load_address>0x20000348</load_address>
         <run_address>0x20000348</run_address>
         <size>0x5</size>
         <input_file_ref idref="fl-1"/>
      </object_component>
      <object_component id="oc-e4">
         <name>.data:_ASCII_RRK</name>
         <load_address>0x20000393</load_address>
         <run_address>0x20000393</run_address>
         <size>0x5</size>
         <input_file_ref idref="fl-1"/>
      </object_component>
      <object_component id="oc-e7">
         <name>.data:_ASCII_AST</name>
         <load_address>0x200002c1</load_address>
         <run_address>0x200002c1</run_address>
         <size>0x5</size>
         <input_file_ref idref="fl-1"/>
      </object_component>
      <object_component id="oc-ea">
         <name>.data:_ASCII_PLS</name>
         <load_address>0x20000375</load_address>
         <run_address>0x20000375</run_address>
         <size>0x5</size>
         <input_file_ref idref="fl-1"/>
      </object_component>
      <object_component id="oc-ed">
         <name>.data:_ASCII_LKM</name>
         <load_address>0x20000343</load_address>
         <run_address>0x20000343</run_address>
         <size>0x5</size>
         <input_file_ref idref="fl-1"/>
      </object_component>
      <object_component id="oc-f0">
         <name>.data:_ASCII_BDS</name>
         <load_address>0x200002d5</load_address>
         <run_address>0x200002d5</run_address>
         <size>0x5</size>
         <input_file_ref idref="fl-1"/>
      </object_component>
      <object_component id="oc-f3">
         <name>.data:_ASCII_DOT</name>
         <load_address>0x200002f8</load_address>
         <run_address>0x200002f8</run_address>
         <size>0x5</size>
         <input_file_ref idref="fl-1"/>
      </object_component>
      <object_component id="oc-f6">
         <name>.data:_ASCII_SL</name>
         <load_address>0x200003a2</load_address>
         <run_address>0x200003a2</run_address>
         <size>0x5</size>
         <input_file_ref idref="fl-1"/>
      </object_component>
      <object_component id="oc-f9">
         <name>.data:_ASCII_0</name>
         <load_address>0x20000280</load_address>
         <run_address>0x20000280</run_address>
         <size>0x5</size>
         <input_file_ref idref="fl-1"/>
      </object_component>
      <object_component id="oc-fc">
         <name>.data:_ASCII_1</name>
         <load_address>0x20000285</load_address>
         <run_address>0x20000285</run_address>
         <size>0x5</size>
         <input_file_ref idref="fl-1"/>
      </object_component>
      <object_component id="oc-ff">
         <name>.data:_ASCII_2</name>
         <load_address>0x2000028a</load_address>
         <run_address>0x2000028a</run_address>
         <size>0x5</size>
         <input_file_ref idref="fl-1"/>
      </object_component>
      <object_component id="oc-102">
         <name>.data:_ASCII_3</name>
         <load_address>0x2000028f</load_address>
         <run_address>0x2000028f</run_address>
         <size>0x5</size>
         <input_file_ref idref="fl-1"/>
      </object_component>
      <object_component id="oc-105">
         <name>.data:_ASCII_4</name>
         <load_address>0x20000294</load_address>
         <run_address>0x20000294</run_address>
         <size>0x5</size>
         <input_file_ref idref="fl-1"/>
      </object_component>
      <object_component id="oc-108">
         <name>.data:_ASCII_5</name>
         <load_address>0x20000299</load_address>
         <run_address>0x20000299</run_address>
         <size>0x5</size>
         <input_file_ref idref="fl-1"/>
      </object_component>
      <object_component id="oc-10b">
         <name>.data:_ASCII_6</name>
         <load_address>0x2000029e</load_address>
         <run_address>0x2000029e</run_address>
         <size>0x5</size>
         <input_file_ref idref="fl-1"/>
      </object_component>
      <object_component id="oc-10e">
         <name>.data:_ASCII_7</name>
         <load_address>0x200002a3</load_address>
         <run_address>0x200002a3</run_address>
         <size>0x5</size>
         <input_file_ref idref="fl-1"/>
      </object_component>
      <object_component id="oc-111">
         <name>.data:_ASCII_8</name>
         <load_address>0x200002a8</load_address>
         <run_address>0x200002a8</run_address>
         <size>0x5</size>
         <input_file_ref idref="fl-1"/>
      </object_component>
      <object_component id="oc-114">
         <name>.data:_ASCII_9</name>
         <load_address>0x200002ad</load_address>
         <run_address>0x200002ad</run_address>
         <size>0x5</size>
         <input_file_ref idref="fl-1"/>
      </object_component>
      <object_component id="oc-117">
         <name>.data:_ASCII_DPT</name>
         <load_address>0x200002fd</load_address>
         <run_address>0x200002fd</run_address>
         <size>0x5</size>
         <input_file_ref idref="fl-1"/>
      </object_component>
      <object_component id="oc-11a">
         <name>.data:_ASCII_LSK</name>
         <load_address>0x2000034d</load_address>
         <run_address>0x2000034d</run_address>
         <size>0x5</size>
         <input_file_ref idref="fl-1"/>
      </object_component>
      <object_component id="oc-11d">
         <name>.data:_ASCII_EQ</name>
         <load_address>0x20000307</load_address>
         <run_address>0x20000307</run_address>
         <size>0x5</size>
         <input_file_ref idref="fl-1"/>
      </object_component>
      <object_component id="oc-120">
         <name>.data:_ASCII_RSK</name>
         <load_address>0x20000398</load_address>
         <run_address>0x20000398</run_address>
         <size>0x5</size>
         <input_file_ref idref="fl-1"/>
      </object_component>
      <object_component id="oc-123">
         <name>.data:_ASCII_QSM</name>
         <load_address>0x20000384</load_address>
         <run_address>0x20000384</run_address>
         <size>0x5</size>
         <input_file_ref idref="fl-1"/>
      </object_component>
      <object_component id="oc-126">
         <name>.data:_ASCII_AT</name>
         <load_address>0x200002c6</load_address>
         <run_address>0x200002c6</run_address>
         <size>0x5</size>
         <input_file_ref idref="fl-1"/>
      </object_component>
      <object_component id="oc-129">
         <name>.data:_ASCII_A</name>
         <load_address>0x200002b2</load_address>
         <run_address>0x200002b2</run_address>
         <size>0x5</size>
         <input_file_ref idref="fl-1"/>
      </object_component>
      <object_component id="oc-12c">
         <name>.data:_ASCII_B</name>
         <load_address>0x200002d0</load_address>
         <run_address>0x200002d0</run_address>
         <size>0x5</size>
         <input_file_ref idref="fl-1"/>
      </object_component>
      <object_component id="oc-12f">
         <name>.data:_ASCII_C</name>
         <load_address>0x200002e9</load_address>
         <run_address>0x200002e9</run_address>
         <size>0x5</size>
         <input_file_ref idref="fl-1"/>
      </object_component>
      <object_component id="oc-132">
         <name>.data:_ASCII_D</name>
         <load_address>0x200002ee</load_address>
         <run_address>0x200002ee</run_address>
         <size>0x5</size>
         <input_file_ref idref="fl-1"/>
      </object_component>
      <object_component id="oc-135">
         <name>.data:_ASCII_E</name>
         <load_address>0x20000302</load_address>
         <run_address>0x20000302</run_address>
         <size>0x5</size>
         <input_file_ref idref="fl-1"/>
      </object_component>
      <object_component id="oc-138">
         <name>.data:_ASCII_F</name>
         <load_address>0x20000311</load_address>
         <run_address>0x20000311</run_address>
         <size>0x5</size>
         <input_file_ref idref="fl-1"/>
      </object_component>
      <object_component id="oc-13b">
         <name>.data:_ASCII_G</name>
         <load_address>0x20000316</load_address>
         <run_address>0x20000316</run_address>
         <size>0x5</size>
         <input_file_ref idref="fl-1"/>
      </object_component>
      <object_component id="oc-13e">
         <name>.data:_ASCII_H</name>
         <load_address>0x2000031b</load_address>
         <run_address>0x2000031b</run_address>
         <size>0x5</size>
         <input_file_ref idref="fl-1"/>
      </object_component>
      <object_component id="oc-141">
         <name>.data:_ASCII_I</name>
         <load_address>0x2000032a</load_address>
         <run_address>0x2000032a</run_address>
         <size>0x5</size>
         <input_file_ref idref="fl-1"/>
      </object_component>
      <object_component id="oc-144">
         <name>.data:_ASCII_J</name>
         <load_address>0x2000032f</load_address>
         <run_address>0x2000032f</run_address>
         <size>0x5</size>
         <input_file_ref idref="fl-1"/>
      </object_component>
      <object_component id="oc-147">
         <name>.data:_ASCII_K</name>
         <load_address>0x20000334</load_address>
         <run_address>0x20000334</run_address>
         <size>0x5</size>
         <input_file_ref idref="fl-1"/>
      </object_component>
      <object_component id="oc-14a">
         <name>.data:_ASCII_L</name>
         <load_address>0x20000339</load_address>
         <run_address>0x20000339</run_address>
         <size>0x5</size>
         <input_file_ref idref="fl-1"/>
      </object_component>
      <object_component id="oc-14d">
         <name>.data:_ASCII_M</name>
         <load_address>0x20000352</load_address>
         <run_address>0x20000352</run_address>
         <size>0x5</size>
         <input_file_ref idref="fl-1"/>
      </object_component>
      <object_component id="oc-150">
         <name>.data:_ASCII_N</name>
         <load_address>0x20000357</load_address>
         <run_address>0x20000357</run_address>
         <size>0x5</size>
         <input_file_ref idref="fl-1"/>
      </object_component>
      <object_component id="oc-153">
         <name>.data:_ASCII_O</name>
         <load_address>0x2000035c</load_address>
         <run_address>0x2000035c</run_address>
         <size>0x5</size>
         <input_file_ref idref="fl-1"/>
      </object_component>
      <object_component id="oc-156">
         <name>.data:_ASCII_P</name>
         <load_address>0x20000366</load_address>
         <run_address>0x20000366</run_address>
         <size>0x5</size>
         <input_file_ref idref="fl-1"/>
      </object_component>
      <object_component id="oc-159">
         <name>.data:_ASCII_Q</name>
         <load_address>0x2000037f</load_address>
         <run_address>0x2000037f</run_address>
         <size>0x5</size>
         <input_file_ref idref="fl-1"/>
      </object_component>
      <object_component id="oc-15c">
         <name>.data:_ASCII_R</name>
         <load_address>0x20000389</load_address>
         <run_address>0x20000389</run_address>
         <size>0x5</size>
         <input_file_ref idref="fl-1"/>
      </object_component>
      <object_component id="oc-15f">
         <name>.data:_ASCII_S</name>
         <load_address>0x2000039d</load_address>
         <run_address>0x2000039d</run_address>
         <size>0x5</size>
         <input_file_ref idref="fl-1"/>
      </object_component>
      <object_component id="oc-162">
         <name>.data:_ASCII_T</name>
         <load_address>0x200003a7</load_address>
         <run_address>0x200003a7</run_address>
         <size>0x5</size>
         <input_file_ref idref="fl-1"/>
      </object_component>
      <object_component id="oc-165">
         <name>.data:_ASCII_U</name>
         <load_address>0x200003b6</load_address>
         <run_address>0x200003b6</run_address>
         <size>0x5</size>
         <input_file_ref idref="fl-1"/>
      </object_component>
      <object_component id="oc-168">
         <name>.data:_ASCII_V</name>
         <load_address>0x200003c0</load_address>
         <run_address>0x200003c0</run_address>
         <size>0x5</size>
         <input_file_ref idref="fl-1"/>
      </object_component>
      <object_component id="oc-16b">
         <name>.data:_ASCII_W</name>
         <load_address>0x200003c5</load_address>
         <run_address>0x200003c5</run_address>
         <size>0x5</size>
         <input_file_ref idref="fl-1"/>
      </object_component>
      <object_component id="oc-16e">
         <name>.data:_ASCII_X</name>
         <load_address>0x200003ca</load_address>
         <run_address>0x200003ca</run_address>
         <size>0x5</size>
         <input_file_ref idref="fl-1"/>
      </object_component>
      <object_component id="oc-171">
         <name>.data:_ASCII_Y</name>
         <load_address>0x200003cf</load_address>
         <run_address>0x200003cf</run_address>
         <size>0x5</size>
         <input_file_ref idref="fl-1"/>
      </object_component>
      <object_component id="oc-174">
         <name>.data:_ASCII_Z</name>
         <load_address>0x200003d4</load_address>
         <run_address>0x200003d4</run_address>
         <size>0x5</size>
         <input_file_ref idref="fl-1"/>
      </object_component>
      <object_component id="oc-177">
         <name>.data:_ASCII_BSL</name>
         <load_address>0x200002e4</load_address>
         <run_address>0x200002e4</run_address>
         <size>0x5</size>
         <input_file_ref idref="fl-1"/>
      </object_component>
      <object_component id="oc-17a">
         <name>.data:_ASCII_PFO</name>
         <load_address>0x2000036b</load_address>
         <run_address>0x2000036b</run_address>
         <size>0x5</size>
         <input_file_ref idref="fl-1"/>
      </object_component>
      <object_component id="oc-17d">
         <name>.data:_ASCII__</name>
         <load_address>0x200003d9</load_address>
         <run_address>0x200003d9</run_address>
         <size>0x5</size>
         <input_file_ref idref="fl-1"/>
      </object_component>
      <object_component id="oc-180">
         <name>.data:_ASCII_TIC</name>
         <load_address>0x200003ac</load_address>
         <run_address>0x200003ac</run_address>
         <size>0x5</size>
         <input_file_ref idref="fl-1"/>
      </object_component>
      <object_component id="oc-183">
         <name>.data:_ASCII_a</name>
         <load_address>0x200003de</load_address>
         <run_address>0x200003de</run_address>
         <size>0x5</size>
         <input_file_ref idref="fl-1"/>
      </object_component>
      <object_component id="oc-186">
         <name>.data:_ASCII_b</name>
         <load_address>0x200003e8</load_address>
         <run_address>0x200003e8</run_address>
         <size>0x5</size>
         <input_file_ref idref="fl-1"/>
      </object_component>
      <object_component id="oc-189">
         <name>.data:_ASCII_c</name>
         <load_address>0x200003ed</load_address>
         <run_address>0x200003ed</run_address>
         <size>0x5</size>
         <input_file_ref idref="fl-1"/>
      </object_component>
      <object_component id="oc-18c">
         <name>.data:_ASCII_d</name>
         <load_address>0x200003f2</load_address>
         <run_address>0x200003f2</run_address>
         <size>0x5</size>
         <input_file_ref idref="fl-1"/>
      </object_component>
      <object_component id="oc-18f">
         <name>.data:_ASCII_e</name>
         <load_address>0x200003f7</load_address>
         <run_address>0x200003f7</run_address>
         <size>0x5</size>
         <input_file_ref idref="fl-1"/>
      </object_component>
      <object_component id="oc-192">
         <name>.data:_ASCII_f</name>
         <load_address>0x200003fc</load_address>
         <run_address>0x200003fc</run_address>
         <size>0x5</size>
         <input_file_ref idref="fl-1"/>
      </object_component>
      <object_component id="oc-195">
         <name>.data:_ASCII_g</name>
         <load_address>0x20000401</load_address>
         <run_address>0x20000401</run_address>
         <size>0x5</size>
         <input_file_ref idref="fl-1"/>
      </object_component>
      <object_component id="oc-198">
         <name>.data:_ASCII_h</name>
         <load_address>0x20000406</load_address>
         <run_address>0x20000406</run_address>
         <size>0x5</size>
         <input_file_ref idref="fl-1"/>
      </object_component>
      <object_component id="oc-19b">
         <name>.data:_ASCII_i</name>
         <load_address>0x2000040b</load_address>
         <run_address>0x2000040b</run_address>
         <size>0x5</size>
         <input_file_ref idref="fl-1"/>
      </object_component>
      <object_component id="oc-19e">
         <name>.data:_ASCII_j</name>
         <load_address>0x20000410</load_address>
         <run_address>0x20000410</run_address>
         <size>0x5</size>
         <input_file_ref idref="fl-1"/>
      </object_component>
      <object_component id="oc-1a1">
         <name>.data:_ASCII_k</name>
         <load_address>0x20000415</load_address>
         <run_address>0x20000415</run_address>
         <size>0x5</size>
         <input_file_ref idref="fl-1"/>
      </object_component>
      <object_component id="oc-1a4">
         <name>.data:_ASCII_l</name>
         <load_address>0x2000041a</load_address>
         <run_address>0x2000041a</run_address>
         <size>0x5</size>
         <input_file_ref idref="fl-1"/>
      </object_component>
      <object_component id="oc-1a7">
         <name>.data:_ASCII_m</name>
         <load_address>0x2000041f</load_address>
         <run_address>0x2000041f</run_address>
         <size>0x5</size>
         <input_file_ref idref="fl-1"/>
      </object_component>
      <object_component id="oc-1aa">
         <name>.data:_ASCII_n</name>
         <load_address>0x20000424</load_address>
         <run_address>0x20000424</run_address>
         <size>0x5</size>
         <input_file_ref idref="fl-1"/>
      </object_component>
      <object_component id="oc-1ad">
         <name>.data:_ASCII_o</name>
         <load_address>0x20000429</load_address>
         <run_address>0x20000429</run_address>
         <size>0x5</size>
         <input_file_ref idref="fl-1"/>
      </object_component>
      <object_component id="oc-1b0">
         <name>.data:_ASCII_p</name>
         <load_address>0x20000433</load_address>
         <run_address>0x20000433</run_address>
         <size>0x5</size>
         <input_file_ref idref="fl-1"/>
      </object_component>
      <object_component id="oc-1b3">
         <name>.data:_ASCII_q</name>
         <load_address>0x20000438</load_address>
         <run_address>0x20000438</run_address>
         <size>0x5</size>
         <input_file_ref idref="fl-1"/>
      </object_component>
      <object_component id="oc-1b6">
         <name>.data:_ASCII_r</name>
         <load_address>0x2000043d</load_address>
         <run_address>0x2000043d</run_address>
         <size>0x5</size>
         <input_file_ref idref="fl-1"/>
      </object_component>
      <object_component id="oc-1b9">
         <name>.data:_ASCII_s</name>
         <load_address>0x20000442</load_address>
         <run_address>0x20000442</run_address>
         <size>0x5</size>
         <input_file_ref idref="fl-1"/>
      </object_component>
      <object_component id="oc-1bc">
         <name>.data:_ASCII_t</name>
         <load_address>0x20000447</load_address>
         <run_address>0x20000447</run_address>
         <size>0x5</size>
         <input_file_ref idref="fl-1"/>
      </object_component>
      <object_component id="oc-1bf">
         <name>.data:_ASCII_u</name>
         <load_address>0x2000044c</load_address>
         <run_address>0x2000044c</run_address>
         <size>0x5</size>
         <input_file_ref idref="fl-1"/>
      </object_component>
      <object_component id="oc-1c2">
         <name>.data:_ASCII_v</name>
         <load_address>0x20000456</load_address>
         <run_address>0x20000456</run_address>
         <size>0x5</size>
         <input_file_ref idref="fl-1"/>
      </object_component>
      <object_component id="oc-1c5">
         <name>.data:_ASCII_w</name>
         <load_address>0x2000045b</load_address>
         <run_address>0x2000045b</run_address>
         <size>0x5</size>
         <input_file_ref idref="fl-1"/>
      </object_component>
      <object_component id="oc-1c8">
         <name>.data:_ASCII_x</name>
         <load_address>0x20000460</load_address>
         <run_address>0x20000460</run_address>
         <size>0x5</size>
         <input_file_ref idref="fl-1"/>
      </object_component>
      <object_component id="oc-1cb">
         <name>.data:_ASCII_y</name>
         <load_address>0x20000465</load_address>
         <run_address>0x20000465</run_address>
         <size>0x5</size>
         <input_file_ref idref="fl-1"/>
      </object_component>
      <object_component id="oc-1ce">
         <name>.data:_ASCII_z</name>
         <load_address>0x2000046a</load_address>
         <run_address>0x2000046a</run_address>
         <size>0x5</size>
         <input_file_ref idref="fl-1"/>
      </object_component>
      <object_component id="oc-1d1">
         <name>.data:_ASCII_LGK</name>
         <load_address>0x2000033e</load_address>
         <run_address>0x2000033e</run_address>
         <size>0x5</size>
         <input_file_ref idref="fl-1"/>
      </object_component>
      <object_component id="oc-1d4">
         <name>.data:_ASCII_PIP</name>
         <load_address>0x20000370</load_address>
         <run_address>0x20000370</run_address>
         <size>0x5</size>
         <input_file_ref idref="fl-1"/>
      </object_component>
      <object_component id="oc-1d7">
         <name>.data:_ASCII_RGK</name>
         <load_address>0x2000038e</load_address>
         <run_address>0x2000038e</run_address>
         <size>0x5</size>
         <input_file_ref idref="fl-1"/>
      </object_component>
      <object_component id="oc-1da">
         <name>.data:_ASCII_TIL</name>
         <load_address>0x200003b1</load_address>
         <run_address>0x200003b1</run_address>
         <size>0x5</size>
         <input_file_ref idref="fl-1"/>
      </object_component>
      <object_component id="oc-1dd">
         <name>.data:_ASCII_BLK</name>
         <load_address>0x200002da</load_address>
         <run_address>0x200002da</run_address>
         <size>0x5</size>
         <input_file_ref idref="fl-1"/>
      </object_component>
      <object_component id="oc-1e9">
         <name>.data:_ASCII_AUML</name>
         <load_address>0x200002cb</load_address>
         <run_address>0x200002cb</run_address>
         <size>0x5</size>
         <input_file_ref idref="fl-1"/>
      </object_component>
      <object_component id="oc-1ec">
         <name>.data:_ASCII_OUML</name>
         <load_address>0x20000361</load_address>
         <run_address>0x20000361</run_address>
         <size>0x5</size>
         <input_file_ref idref="fl-1"/>
      </object_component>
      <object_component id="oc-1ef">
         <name>.data:_ASCII_UUML</name>
         <load_address>0x200003bb</load_address>
         <run_address>0x200003bb</run_address>
         <size>0x5</size>
         <input_file_ref idref="fl-1"/>
      </object_component>
      <object_component id="oc-1e0">
         <name>.data:_ASCII_auml</name>
         <load_address>0x200003e3</load_address>
         <run_address>0x200003e3</run_address>
         <size>0x5</size>
         <input_file_ref idref="fl-1"/>
      </object_component>
      <object_component id="oc-1e3">
         <name>.data:_ASCII_ouml</name>
         <load_address>0x2000042e</load_address>
         <run_address>0x2000042e</run_address>
         <size>0x5</size>
         <input_file_ref idref="fl-1"/>
      </object_component>
      <object_component id="oc-1e6">
         <name>.data:_ASCII_uuml</name>
         <load_address>0x20000451</load_address>
         <run_address>0x20000451</run_address>
         <size>0x5</size>
         <input_file_ref idref="fl-1"/>
      </object_component>
      <object_component id="oc-340">
         <name>.data</name>
         <load_address>0x20000474</load_address>
         <run_address>0x20000474</run_address>
         <size>0x4</size>
         <input_file_ref idref="fl-1"/>
      </object_component>
      <object_component id="oc-5e1">
         <name>.data</name>
         <load_address>0x20000470</load_address>
         <run_address>0x20000470</run_address>
         <size>0x4</size>
         <input_file_ref idref="fl-cc"/>
      </object_component>
      <object_component id="oc-286">
         <name>.bss</name>
         <uninitialized>true</uninitialized>
         <run_address>0x200007f2</run_address>
         <size>0x1</size>
         <input_file_ref idref="fl-1"/>
      </object_component>
      <object_component id="oc-299">
         <name>.bss:text$4</name>
         <uninitialized>true</uninitialized>
         <run_address>0x20000778</run_address>
         <size>0x3c</size>
         <input_file_ref idref="fl-1"/>
      </object_component>
      <object_component id="oc-2a2">
         <name>.bss:t</name>
         <uninitialized>true</uninitialized>
         <run_address>0x200007d4</run_address>
         <size>0xa</size>
         <input_file_ref idref="fl-1"/>
      </object_component>
      <object_component id="oc-2ac">
         <name>.bss:temp</name>
         <uninitialized>true</uninitialized>
         <run_address>0x200007de</run_address>
         <size>0xa</size>
         <input_file_ref idref="fl-1"/>
      </object_component>
      <object_component id="oc-296">
         <name>.bss:clk</name>
         <uninitialized>true</uninitialized>
         <run_address>0x200007e8</run_address>
         <size>0x9</size>
         <input_file_ref idref="fl-1"/>
      </object_component>
      <object_component id="oc-292">
         <name>.bss:disp</name>
         <uninitialized>true</uninitialized>
         <run_address>0x200007f1</run_address>
         <size>0x1</size>
         <input_file_ref idref="fl-1"/>
      </object_component>
      <object_component id="oc-284">
         <name>.common:dispMode</name>
         <uninitialized>true</uninitialized>
         <run_address>0x20000806</run_address>
         <size>0x1</size>
      </object_component>
      <object_component id="oc-283">
         <name>.common:state</name>
         <uninitialized>true</uninitialized>
         <run_address>0x20000809</run_address>
         <size>0x1</size>
      </object_component>
      <object_component id="oc-28c">
         <name>.common:lightMeasure</name>
         <uninitialized>true</uninitialized>
         <run_address>0x20000808</run_address>
         <size>0x1</size>
      </object_component>
      <object_component id="oc-285">
         <name>.common:changed</name>
         <uninitialized>true</uninitialized>
         <run_address>0x20000803</run_address>
         <size>0x1</size>
      </object_component>
      <object_component id="oc-289">
         <name>.common:debounced</name>
         <uninitialized>true</uninitialized>
         <run_address>0x20000805</run_address>
         <size>0x1</size>
      </object_component>
      <object_component id="oc-28a">
         <name>.common:btn1Pressed</name>
         <uninitialized>true</uninitialized>
         <run_address>0x20000801</run_address>
         <size>0x1</size>
      </object_component>
      <object_component id="oc-28b">
         <name>.common:btn2Pressed</name>
         <uninitialized>true</uninitialized>
         <run_address>0x20000802</run_address>
         <size>0x1</size>
      </object_component>
      <object_component id="oc-290">
         <name>.common:brightness</name>
         <uninitialized>true</uninitialized>
         <run_address>0x20000800</run_address>
         <size>0x1</size>
      </object_component>
      <object_component id="oc-2af">
         <name>.common:uartBuffer</name>
         <uninitialized>true</uninitialized>
         <run_address>0x20000678</run_address>
         <size>0x100</size>
      </object_component>
      <object_component id="oc-28e">
         <name>.common:gotNMEAMessage</name>
         <uninitialized>true</uninitialized>
         <run_address>0x20000807</run_address>
         <size>0x1</size>
      </object_component>
      <object_component id="oc-28f">
         <name>.common:appendSyncSymbol</name>
         <uninitialized>true</uninitialized>
         <run_address>0x200007f3</run_address>
         <size>0x1</size>
      </object_component>
      <object_component id="oc-28d">
         <name>.common:dataReceived</name>
         <uninitialized>true</uninitialized>
         <run_address>0x20000804</run_address>
         <size>0x1</size>
      </object_component>
      <object_component id="oc-291">
         <name>.common:lux</name>
         <uninitialized>true</uninitialized>
         <run_address>0x200007f8</run_address>
         <size>0x4</size>
      </object_component>
      <object_component id="oc-2ab">
         <name>.common:i</name>
         <uninitialized>true</uninitialized>
         <run_address>0x200007f4</run_address>
         <size>0x4</size>
      </object_component>
      <object_component id="oc-343">
         <name>.common:uartIndex</name>
         <uninitialized>true</uninitialized>
         <run_address>0x200007fc</run_address>
         <size>0x4</size>
      </object_component>
      <object_component id="oc-295">
         <name>.common:lightInt</name>
         <uninitialized>true</uninitialized>
         <run_address>0x200007b4</run_address>
         <size>0x20</size>
      </object_component>
      <object_component id="oc-22">
         <name>.stack</name>
         <uninitialized>true</uninitialized>
         <run_address>0x20000478</run_address>
         <size>0x4</size>
         <input_file_ref idref="fl-cb"/>
      </object_component>
      <object_component id="oc-65c">
         <name>.stack</name>
         <uninitialized>true</uninitialized>
         <run_address>0x20000478</run_address>
         <size>0x0</size>
      </object_component>
      <object_component id="oc-2d">
         <name>.debug_info</name>
         <load_address>0x0</load_address>
         <run_address>0x0</run_address>
         <size>0x24bf</size>
         <input_file_ref idref="fl-1"/>
      </object_component>
      <object_component id="oc-10">
         <name>.debug_info</name>
         <load_address>0x24bf</load_address>
         <run_address>0x24bf</run_address>
         <size>0xc0</size>
         <input_file_ref idref="fl-1"/>
      </object_component>
      <object_component id="oc-ca">
         <name>.debug_info</name>
         <load_address>0x257f</load_address>
         <run_address>0x257f</run_address>
         <size>0xbc</size>
         <input_file_ref idref="fl-1"/>
      </object_component>
      <object_component id="oc-cd">
         <name>.debug_info</name>
         <load_address>0x263b</load_address>
         <run_address>0x263b</run_address>
         <size>0xbc</size>
         <input_file_ref idref="fl-1"/>
      </object_component>
      <object_component id="oc-d0">
         <name>.debug_info</name>
         <load_address>0x26f7</load_address>
         <run_address>0x26f7</run_address>
         <size>0xbc</size>
         <input_file_ref idref="fl-1"/>
      </object_component>
      <object_component id="oc-d3">
         <name>.debug_info</name>
         <load_address>0x27b3</load_address>
         <run_address>0x27b3</run_address>
         <size>0xbc</size>
         <input_file_ref idref="fl-1"/>
      </object_component>
      <object_component id="oc-d6">
         <name>.debug_info</name>
         <load_address>0x286f</load_address>
         <run_address>0x286f</run_address>
         <size>0xbc</size>
         <input_file_ref idref="fl-1"/>
      </object_component>
      <object_component id="oc-d9">
         <name>.debug_info</name>
         <load_address>0x292b</load_address>
         <run_address>0x292b</run_address>
         <size>0xbc</size>
         <input_file_ref idref="fl-1"/>
      </object_component>
      <object_component id="oc-dc">
         <name>.debug_info</name>
         <load_address>0x29e7</load_address>
         <run_address>0x29e7</run_address>
         <size>0xbc</size>
         <input_file_ref idref="fl-1"/>
      </object_component>
      <object_component id="oc-df">
         <name>.debug_info</name>
         <load_address>0x2aa3</load_address>
         <run_address>0x2aa3</run_address>
         <size>0xbc</size>
         <input_file_ref idref="fl-1"/>
      </object_component>
      <object_component id="oc-e2">
         <name>.debug_info</name>
         <load_address>0x2b5f</load_address>
         <run_address>0x2b5f</run_address>
         <size>0xbc</size>
         <input_file_ref idref="fl-1"/>
      </object_component>
      <object_component id="oc-e5">
         <name>.debug_info</name>
         <load_address>0x2c1b</load_address>
         <run_address>0x2c1b</run_address>
         <size>0xbc</size>
         <input_file_ref idref="fl-1"/>
      </object_component>
      <object_component id="oc-e8">
         <name>.debug_info</name>
         <load_address>0x2cd7</load_address>
         <run_address>0x2cd7</run_address>
         <size>0xbc</size>
         <input_file_ref idref="fl-1"/>
      </object_component>
      <object_component id="oc-eb">
         <name>.debug_info</name>
         <load_address>0x2d93</load_address>
         <run_address>0x2d93</run_address>
         <size>0xbc</size>
         <input_file_ref idref="fl-1"/>
      </object_component>
      <object_component id="oc-ee">
         <name>.debug_info</name>
         <load_address>0x2e4f</load_address>
         <run_address>0x2e4f</run_address>
         <size>0xbc</size>
         <input_file_ref idref="fl-1"/>
      </object_component>
      <object_component id="oc-f1">
         <name>.debug_info</name>
         <load_address>0x2f0b</load_address>
         <run_address>0x2f0b</run_address>
         <size>0xbc</size>
         <input_file_ref idref="fl-1"/>
      </object_component>
      <object_component id="oc-f4">
         <name>.debug_info</name>
         <load_address>0x2fc7</load_address>
         <run_address>0x2fc7</run_address>
         <size>0xbc</size>
         <input_file_ref idref="fl-1"/>
      </object_component>
      <object_component id="oc-f7">
         <name>.debug_info</name>
         <load_address>0x3083</load_address>
         <run_address>0x3083</run_address>
         <size>0xba</size>
         <input_file_ref idref="fl-1"/>
      </object_component>
      <object_component id="oc-fa">
         <name>.debug_info</name>
         <load_address>0x313d</load_address>
         <run_address>0x313d</run_address>
         <size>0xb8</size>
         <input_file_ref idref="fl-1"/>
      </object_component>
      <object_component id="oc-fd">
         <name>.debug_info</name>
         <load_address>0x31f5</load_address>
         <run_address>0x31f5</run_address>
         <size>0xb8</size>
         <input_file_ref idref="fl-1"/>
      </object_component>
      <object_component id="oc-100">
         <name>.debug_info</name>
         <load_address>0x32ad</load_address>
         <run_address>0x32ad</run_address>
         <size>0xb8</size>
         <input_file_ref idref="fl-1"/>
      </object_component>
      <object_component id="oc-103">
         <name>.debug_info</name>
         <load_address>0x3365</load_address>
         <run_address>0x3365</run_address>
         <size>0xb8</size>
         <input_file_ref idref="fl-1"/>
      </object_component>
      <object_component id="oc-106">
         <name>.debug_info</name>
         <load_address>0x341d</load_address>
         <run_address>0x341d</run_address>
         <size>0xb8</size>
         <input_file_ref idref="fl-1"/>
      </object_component>
      <object_component id="oc-109">
         <name>.debug_info</name>
         <load_address>0x34d5</load_address>
         <run_address>0x34d5</run_address>
         <size>0xb8</size>
         <input_file_ref idref="fl-1"/>
      </object_component>
      <object_component id="oc-10c">
         <name>.debug_info</name>
         <load_address>0x358d</load_address>
         <run_address>0x358d</run_address>
         <size>0xb8</size>
         <input_file_ref idref="fl-1"/>
      </object_component>
      <object_component id="oc-10f">
         <name>.debug_info</name>
         <load_address>0x3645</load_address>
         <run_address>0x3645</run_address>
         <size>0xb8</size>
         <input_file_ref idref="fl-1"/>
      </object_component>
      <object_component id="oc-112">
         <name>.debug_info</name>
         <load_address>0x36fd</load_address>
         <run_address>0x36fd</run_address>
         <size>0xb8</size>
         <input_file_ref idref="fl-1"/>
      </object_component>
      <object_component id="oc-115">
         <name>.debug_info</name>
         <load_address>0x37b5</load_address>
         <run_address>0x37b5</run_address>
         <size>0xb8</size>
         <input_file_ref idref="fl-1"/>
      </object_component>
      <object_component id="oc-118">
         <name>.debug_info</name>
         <load_address>0x386d</load_address>
         <run_address>0x386d</run_address>
         <size>0xbc</size>
         <input_file_ref idref="fl-1"/>
      </object_component>
      <object_component id="oc-11b">
         <name>.debug_info</name>
         <load_address>0x3929</load_address>
         <run_address>0x3929</run_address>
         <size>0xbc</size>
         <input_file_ref idref="fl-1"/>
      </object_component>
      <object_component id="oc-11e">
         <name>.debug_info</name>
         <load_address>0x39e5</load_address>
         <run_address>0x39e5</run_address>
         <size>0xba</size>
         <input_file_ref idref="fl-1"/>
      </object_component>
      <object_component id="oc-121">
         <name>.debug_info</name>
         <load_address>0x3a9f</load_address>
         <run_address>0x3a9f</run_address>
         <size>0xbc</size>
         <input_file_ref idref="fl-1"/>
      </object_component>
      <object_component id="oc-124">
         <name>.debug_info</name>
         <load_address>0x3b5b</load_address>
         <run_address>0x3b5b</run_address>
         <size>0xbc</size>
         <input_file_ref idref="fl-1"/>
      </object_component>
      <object_component id="oc-127">
         <name>.debug_info</name>
         <load_address>0x3c17</load_address>
         <run_address>0x3c17</run_address>
         <size>0xba</size>
         <input_file_ref idref="fl-1"/>
      </object_component>
      <object_component id="oc-12a">
         <name>.debug_info</name>
         <load_address>0x3cd1</load_address>
         <run_address>0x3cd1</run_address>
         <size>0xb8</size>
         <input_file_ref idref="fl-1"/>
      </object_component>
      <object_component id="oc-12d">
         <name>.debug_info</name>
         <load_address>0x3d89</load_address>
         <run_address>0x3d89</run_address>
         <size>0xb8</size>
         <input_file_ref idref="fl-1"/>
      </object_component>
      <object_component id="oc-130">
         <name>.debug_info</name>
         <load_address>0x3e41</load_address>
         <run_address>0x3e41</run_address>
         <size>0xb8</size>
         <input_file_ref idref="fl-1"/>
      </object_component>
      <object_component id="oc-133">
         <name>.debug_info</name>
         <load_address>0x3ef9</load_address>
         <run_address>0x3ef9</run_address>
         <size>0xb8</size>
         <input_file_ref idref="fl-1"/>
      </object_component>
      <object_component id="oc-136">
         <name>.debug_info</name>
         <load_address>0x3fb1</load_address>
         <run_address>0x3fb1</run_address>
         <size>0xb9</size>
         <input_file_ref idref="fl-1"/>
      </object_component>
      <object_component id="oc-139">
         <name>.debug_info</name>
         <load_address>0x406a</load_address>
         <run_address>0x406a</run_address>
         <size>0xb9</size>
         <input_file_ref idref="fl-1"/>
      </object_component>
      <object_component id="oc-13c">
         <name>.debug_info</name>
         <load_address>0x4123</load_address>
         <run_address>0x4123</run_address>
[...]
      <symbol id="sm-6f1">
         <name>_ZN8HCMS39XX11displayTestEv</name>
         <value>0xff5</value>
         <object_component_ref idref="oc-25"/>
      </symbol>
      <symbol id="sm-6f2">
         <name>_Z18WTimer1BIntHandlerv</name>
         <value>0x2da1</value>
         <object_component_ref idref="oc-25"/>
      </symbol>
      <symbol id="sm-6f3">
         <name>_ZN6DS32349_SPIwriteEh</name>
         <value>0xf3b</value>
         <object_component_ref idref="oc-25"/>
      </symbol>
      <symbol id="sm-6f4">
         <name>_ZN8HCMS39XX10encodeCharEc</name>
         <value>0x1065</value>
         <object_component_ref idref="oc-25"/>
      </symbol>
      <symbol id="sm-6f5">
         <name>_ZN8HCMS39XX15setControlWord0Ehbh</name>
         <value>0x1757</value>
         <object_component_ref idref="oc-25"/>
      </symbol>
      <symbol id="sm-6f6">
         <name>_ZN6DS323413_readRegisterEh</name>
         <value>0xc2b</value>
         <object_component_ref idref="oc-25"/>
      </symbol>
      <symbol id="sm-6f7">
         <name>_ZN6DS323414_writeRegisterEhh</name>
         <value>0xc59</value>
         <object_component_ref idref="oc-25"/>
      </symbol>
      <symbol id="sm-6f8">
         <name>_ZN8HCMS39XXC1Ev</name>
         <value>0xf9d</value>
         <object_component_ref idref="oc-25"/>
      </symbol>
      <symbol id="sm-6f9">
         <name>_ASCII_LGK</name>
         <value>0x2000033e</value>
         <object_component_ref idref="oc-1d1"/>
      </symbol>
      <symbol id="sm-6fa">
         <name>_ASCII_HKM</name>
         <value>0x20000320</value>
         <object_component_ref idref="oc-de"/>
      </symbol>
      <symbol id="sm-6fb">
         <name>_ASCII_DOT</name>
         <value>0x200002f8</value>
         <object_component_ref idref="oc-f3"/>
      </symbol>
      <symbol id="sm-6fc">
         <name>_ASCII_DOL</name>
         <value>0x200002f3</value>
         <object_component_ref idref="oc-d5"/>
      </symbol>
      <symbol id="sm-6fd">
         <name>_ZN4TimeC2Ev</name>
         <value>0x279</value>
         <object_component_ref idref="oc-25"/>
      </symbol>
      <symbol id="sm-6fe">
         <name>_ZN8HCMS39XX11write4CharsEPh</name>
         <value>0x1641</value>
         <object_component_ref idref="oc-25"/>
      </symbol>
      <symbol id="sm-6ff">
         <name>_ZN8HCMS39XX11waitNoTicksEi</name>
         <value>0x1baf</value>
         <object_component_ref idref="oc-25"/>
      </symbol>
      <symbol id="sm-700">
         <name>_Z12Timer1BResetv</name>
         <value>0x30b3</value>
         <object_component_ref idref="oc-25"/>
      </symbol>
      <symbol id="sm-701">
         <name>_ZN8HCMS39XX6clkLowEv</name>
         <value>0x196b</value>
         <object_component_ref idref="oc-25"/>
      </symbol>
      <symbol id="sm-702">
         <name>_ZN15Light_Interface13ISL29023GetIREv</name>
         <value>0x1efd</value>
         <object_component_ref idref="oc-25"/>
      </symbol>
      <symbol id="sm-703">
         <name>_Z9shiftMenuv</name>
         <value>0x2ae1</value>
         <object_component_ref idref="oc-25"/>
      </symbol>
      <symbol id="sm-704">
         <name>_ZN6DS32347setDateEhht</name>
         <value>0x3d5</value>
         <object_component_ref idref="oc-25"/>
      </symbol>
      <symbol id="sm-705">
         <name>_ZN6DS32349getDOWStrEh</name>
         <value>0x9b9</value>
         <object_component_ref idref="oc-25"/>
      </symbol>
      <symbol id="sm-706">
         <name>_ZN8HCMS39XX9setupGPIOEv</name>
         <value>0x1b79</value>
         <object_component_ref idref="oc-25"/>
      </symbol>
      <symbol id="sm-707">
         <name>_ASCII_auml</name>
         <value>0x200003e3</value>
         <object_component_ref idref="oc-1e0"/>
      </symbol>
      <symbol id="sm-708">
         <name>_ASCII_LKM</name>
         <value>0x20000343</value>
         <object_component_ref idref="oc-ed"/>
      </symbol>
      <symbol id="sm-709">
         <name>_Z4log2f</name>
         <value>0x44a7</value>
         <object_component_ref idref="oc-256"/>
      </symbol>
      <symbol id="sm-735">
         <name>ceil</name>
         <value>0x37f1</value>
         <object_component_ref idref="oc-203"/>
      </symbol>
      <symbol id="sm-736">
         <name>ceill</name>
         <value>0x37f1</value>
         <object_component_ref idref="oc-203"/>
      </symbol>
      <symbol id="sm-753">
         <name>floorl</name>
         <value>0x38e9</value>
         <object_component_ref idref="oc-270"/>
      </symbol>
      <symbol id="sm-754">
         <name>floor</name>
         <value>0x38e9</value>
         <object_component_ref idref="oc-270"/>
      </symbol>
      <symbol id="sm-77b">
         <name>log2f</name>
         <value>0x334d</value>
         <object_component_ref idref="oc-4be"/>
      </symbol>
      <symbol id="sm-792">
         <name>ceilf</name>
         <value>0x3c71</value>
         <object_component_ref idref="oc-4c4"/>
      </symbol>
      <symbol id="sm-7a9">
         <name>__aeabi_dsub</name>
         <value>0x3195</value>
         <object_component_ref idref="oc-79"/>
      </symbol>
      <symbol id="sm-7aa">
         <name>__aeabi_dadd</name>
         <value>0x319f</value>
         <object_component_ref idref="oc-79"/>
      </symbol>
      <symbol id="sm-7bc">
         <name>__aeabi_cdrcmple</name>
         <value>0x3b71</value>
         <object_component_ref idref="oc-49c"/>
      </symbol>
      <symbol id="sm-7d0">
         <name>__aeabi_ddiv</name>
         <value>0x348d</value>
         <object_component_ref idref="oc-1fe"/>
      </symbol>
      <symbol id="sm-7db">
         <name>__aeabi_dmul</name>
         <value>0x36f5</value>
         <object_component_ref idref="oc-74"/>
      </symbol>
      <symbol id="sm-7e5">
         <name>__aeabi_d2iz</name>
         <value>0x4089</value>
         <object_component_ref idref="oc-209"/>
      </symbol>
      <symbol id="sm-7f1">
         <name>__aeabi_d2f</name>
         <value>0x3ce9</value>
         <object_component_ref idref="oc-7e"/>
      </symbol>
      <symbol id="sm-7fb">
         <name>__aeabi_i2d</name>
         <value>0x42b1</value>
         <object_component_ref idref="oc-6f"/>
      </symbol>
      <symbol id="sm-816">
         <name>memcpy</name>
         <value>0x3ad5</value>
         <object_component_ref idref="oc-3b"/>
      </symbol>
      <symbol id="sm-817">
         <name>__aeabi_memcpy</name>
         <value>0x3ad5</value>
         <object_component_ref idref="oc-3b"/>
      </symbol>
      <symbol id="sm-818">
         <name>__aeabi_memcpy8</name>
         <value>0x3ad5</value>
         <object_component_ref idref="oc-3b"/>
      </symbol>
      <symbol id="sm-819">
         <name>__aeabi_memcpy4</name>
         <value>0x3ad5</value>
         <object_component_ref idref="oc-3b"/>
      </symbol>
      <symbol id="sm-830">
         <name>__TI_zero_init</name>
         <value>0x453b</value>
         <object_component_ref idref="oc-4d"/>
      </symbol>
      <symbol id="sm-847">
         <name>__TI_decompress_none</name>
         <value>0x44fd</value>
         <object_component_ref idref="oc-18"/>
      </symbol>
      <symbol id="sm-86a">
         <name>__TI_decompress_lzss</name>
         <value>0x3e29</value>
         <object_component_ref idref="oc-12"/>
      </symbol>
      <symbol id="sm-87d">
         <name>__stack</name>
         <value>0x20000478</value>
         <object_component_ref idref="oc-22"/>
      </symbol>
      <symbol id="sm-87e">
         <name>_c_int00_noargs</name>
         <value>0x4211</value>
         <object_component_ref idref="oc-59"/>
      </symbol>
      <symbol id="sm-894">
         <name>__aeabi_errno_addr</name>
         <value>0x45a1</value>
         <object_component_ref idref="oc-58f"/>
      </symbol>
      <symbol id="sm-895">
         <name>errno</name>
         <value>0x20000470</value>
         <object_component_ref idref="oc-5e1"/>
      </symbol>
      <symbol id="sm-8a0">
         <name>C$$EXIT</name>
         <value>0x45df</value>
         <object_component_ref idref="oc-532"/>
      </symbol>
      <symbol id="sm-8a1">
         <name>abort</name>
         <value>0x45df</value>
         <object_component_ref idref="oc-532"/>
      </symbol>
      <symbol id="sm-8b1">
         <name>strcpy</name>
         <value>0x43d1</value>
         <object_component_ref idref="oc-24a"/>
      </symbol>
      <symbol id="sm-8bf">
         <name>strlen</name>
         <value>0x43e5</value>
         <object_component_ref idref="oc-1f2"/>
      </symbol>
      <symbol id="sm-8ce">
         <name>__aeabi_memset</name>
         <value>0x3bf9</value>
         <object_component_ref idref="oc-393"/>
      </symbol>
      <symbol id="sm-8cf">
         <name>memset</name>
         <value>0x3bff</value>
         <object_component_ref idref="oc-393"/>
      </symbol>
      <symbol id="sm-8d0">
         <name>__aeabi_memset8</name>
         <value>0x3bf9</value>
         <object_component_ref idref="oc-393"/>
      </symbol>
      <symbol id="sm-8d1">
         <name>__aeabi_memset4</name>
         <value>0x3bf9</value>
         <object_component_ref idref="oc-393"/>
      </symbol>
      <symbol id="sm-8d2">
         <name>__aeabi_memclr8</name>
         <value>0x3bf7</value>
         <object_component_ref idref="oc-393"/>
      </symbol>
      <symbol id="sm-8d3">
         <name>__aeabi_memclr4</name>
         <value>0x3bf7</value>
         <object_component_ref idref="oc-393"/>
      </symbol>
      <symbol id="sm-8d4">
         <name>__aeabi_memclr</name>
         <value>0x3bf7</value>
         <object_component_ref idref="oc-393"/>
      </symbol>
      <symbol id="sm-901">
         <name>__TI_auto_init_nobinit</name>
         <value>0x3ef1</value>
         <object_component_ref idref="oc-544"/>
      </symbol>
      <symbol id="sm-90b">
         <name>_system_pre_init</name>
         <value>0x45db</value>
         <object_component_ref idref="oc-399"/>
      </symbol>
      <symbol id="sm-9ca">
         <name>GPIOIntRegister</name>
         <value>0x4345</value>
         <object_component_ref idref="oc-30a"/>
      </symbol>
      <symbol id="sm-9cb">
         <name>GPIOPinConfigure</name>
         <value>0x4041</value>
         <object_component_ref idref="oc-95"/>
      </symbol>
      <symbol id="sm-9cc">
         <name>GPIOPinTypeI2CSCL</name>
         <value>0x441d</value>
         <object_component_ref idref="oc-22c"/>
      </symbol>
      <symbol id="sm-9cd">
         <name>GPIOIntDisable</name>
         <value>0x44b7</value>
         <object_component_ref idref="oc-26a"/>
      </symbol>
      <symbol id="sm-9ce">
         <name>GPIOIntEnable</name>
         <value>0x4523</value>
         <object_component_ref idref="oc-27d"/>
      </symbol>
      <symbol id="sm-9cf">
         <name>GPIOPinTypeI2C</name>
         <value>0x440b</value>
         <object_component_ref idref="oc-232"/>
      </symbol>
      <symbol id="sm-9d0">
         <name>GPIOIntTypeSet</name>
         <value>0x3f51</value>
         <object_component_ref idref="oc-310"/>
      </symbol>
      <symbol id="sm-9d1">
         <name>GPIOPinTypeGPIOInput</name>
         <value>0x43f9</value>
         <object_component_ref idref="oc-238"/>
      </symbol>
      <symbol id="sm-9d2">
         <name>GPIOIntClear</name>
         <value>0x45a9</value>
         <object_component_ref idref="oc-2bc"/>
      </symbol>
      <symbol id="sm-9d3">
         <name>GPIOPinTypeUART</name>
         <value>0x4441</value>
         <object_component_ref idref="oc-316"/>
      </symbol>
      <symbol id="sm-9d4">
         <name>GPIOIntStatus</name>
         <value>0x44c5</value>
         <object_component_ref idref="oc-2b6"/>
      </symbol>
      <symbol id="sm-9d5">
         <name>GPIOPinTypeGPIOOutput</name>
         <value>0x435d</value>
         <object_component_ref idref="oc-8f"/>
      </symbol>
      <symbol id="sm-9d6">
         <name>GPIOPinRead</name>
         <value>0x45af</value>
         <object_component_ref idref="oc-2ce"/>
      </symbol>
      <symbol id="sm-9d7">
         <name>GPIODirModeSet</name>
         <value>0x42df</value>
         <object_component_ref idref="oc-3b8"/>
      </symbol>
      <symbol id="sm-9d8">
         <name>GPIOPinWrite</name>
         <value>0x45b5</value>
         <object_component_ref idref="oc-83"/>
      </symbol>
      <symbol id="sm-9d9">
         <name>GPIOPadConfigSet</name>
         <value>0x35c3</value>
         <object_component_ref idref="oc-23e"/>
      </symbol>
      <symbol id="sm-9da">
         <name>GPIOPinTypeSSI</name>
         <value>0x442f</value>
         <object_component_ref idref="oc-9b"/>
      </symbol>
      <symbol id="sm-a1b">
         <name>I2CMasterDataPut</name>
         <value>0x45cf</value>
         <object_component_ref idref="oc-214"/>
      </symbol>
      <symbol id="sm-a1c">
         <name>I2CMasterInitExpClk</name>
         <value>0x3fa9</value>
         <object_component_ref idref="oc-244"/>
      </symbol>
      <symbol id="sm-a1d">
         <name>I2CMasterSlaveAddrSet</name>
         <value>0x4581</value>
         <object_component_ref idref="oc-20e"/>
      </symbol>
      <symbol id="sm-a1e">
         <name>I2CMasterDataGet</name>
         <value>0x45cb</value>
         <object_component_ref idref="oc-226"/>
      </symbol>
      <symbol id="sm-a1f">
         <name>I2CMasterControl</name>
         <value>0x45c7</value>
         <object_component_ref idref="oc-21a"/>
      </symbol>
      <symbol id="sm-a20">
         <name>I2CMasterBusy</name>
         <value>0x4579</value>
         <object_component_ref idref="oc-220"/>
      </symbol>
      <symbol id="sm-a21">
         <name>I2CMasterEnable</name>
         <value>0x4547</value>
         <object_component_ref idref="oc-4b3"/>
      </symbol>
      <symbol id="sm-a7f">
         <name>IntEnable</name>
         <value>0x3dc1</value>
         <object_component_ref idref="oc-2a5"/>
      </symbol>
      <symbol id="sm-a80">
         <name>IntDisable</name>
         <value>0x3d59</value>
         <object_component_ref idref="oc-29c"/>
      </symbol>
      <symbol id="sm-a81">
         <name>IntRegister</name>
         <value>0x4249</value>
         <object_component_ref idref="oc-501"/>
      </symbol>
      <symbol id="sm-a82">
         <name>IntMasterDisable</name>
         <value>0x4477</value>
         <object_component_ref idref="oc-2b0"/>
      </symbol>
      <symbol id="sm-a83">
         <name>g_pfnRAMVectors</name>
         <value>0x20000000</value>
         <object_component_ref idref="oc-5ae"/>
      </symbol>
      <symbol id="sm-a84">
         <name>IntMasterEnable</name>
         <value>0x4487</value>
         <object_component_ref idref="oc-2c2"/>
      </symbol>
      <symbol id="sm-abd">
         <name>SSIDataPut</name>
         <value>0x4551</value>
         <object_component_ref idref="oc-b3"/>
      </symbol>
      <symbol id="sm-abe">
         <name>SSIDataGet</name>
         <value>0x452f</value>
         <object_component_ref idref="oc-bf"/>
      </symbol>
      <symbol id="sm-abf">
         <name>SSIDataGetNonBlocking</name>
         <value>0x4453</value>
         <object_component_ref idref="oc-ad"/>
      </symbol>
      <symbol id="sm-ac0">
         <name>SSIConfigSetExpClk</name>
         <value>0x419d</value>
         <object_component_ref idref="oc-a1"/>
      </symbol>
      <symbol id="sm-ac1">
         <name>SSIEnable</name>
         <value>0x455b</value>
         <object_component_ref idref="oc-a7"/>
      </symbol>
      <symbol id="sm-ac2">
         <name>SSIBusy</name>
         <value>0x4589</value>
         <object_component_ref idref="oc-b9"/>
      </symbol>
      <symbol id="sm-af9">
         <name>SysCtlClockSet</name>
         <value>0x39e1</value>
         <object_component_ref idref="oc-2ec"/>
      </symbol>
      <symbol id="sm-afa">
         <name>SysCtlDelay</name>
         <value>0x45bb</value>
         <object_component_ref idref="oc-c5"/>
      </symbol>
      <symbol id="sm-afb">
         <name>SysCtlPeripheralEnable</name>
         <value>0x427d</value>
         <object_component_ref idref="oc-89"/>
      </symbol>
      <symbol id="sm-afc">
         <name>SysCtlPeripheralReady</name>
         <value>0x41d9</value>
         <object_component_ref idref="oc-1f8"/>
      </symbol>
      <symbol id="sm-b61">
         <name>TimerLoadSet</name>
         <value>0x4465</value>
         <object_component_ref idref="oc-2f8"/>
      </symbol>
      <symbol id="sm-b62">
         <name>TimerDisable</name>
         <value>0x4375</value>
         <object_component_ref idref="oc-264"/>
      </symbol>
      <symbol id="sm-b63">
         <name>TimerIntRegister</name>
         <value>0x438d</value>
         <object_component_ref idref="oc-2fe"/>
      </symbol>
      <symbol id="sm-b64">
         <name>TimerEnable</name>
         <value>0x44d3</value>
         <object_component_ref idref="oc-250"/>
      </symbol>
      <symbol id="sm-b65">
         <name>TimerIntEnable</name>
         <value>0x4591</value>
         <object_component_ref idref="oc-304"/>
      </symbol>
      <symbol id="sm-b66">
         <name>TimerConfigure</name>
         <value>0x3e91</value>
         <object_component_ref idref="oc-2f2"/>
      </symbol>
      <symbol id="sm-b67">
         <name>TimerIntClear</name>
         <value>0x45d3</value>
         <object_component_ref idref="oc-2c8"/>
      </symbol>
      <symbol id="sm-be8">
         <name>UARTConfigSetExpClk</name>
         <value>0x40d1</value>
         <object_component_ref idref="oc-328"/>
      </symbol>
      <symbol id="sm-be9">
         <name>UARTDisable</name>
         <value>0x4309</value>
         <object_component_ref idref="oc-514"/>
      </symbol>
      <symbol id="sm-bea">
         <name>UARTIntEnable</name>
         <value>0x4599</value>
         <object_component_ref idref="oc-33a"/>
      </symbol>
      <symbol id="sm-beb">
         <name>UARTCharsAvail</name>
         <value>0x44ef</value>
         <object_component_ref idref="oc-2e6"/>
      </symbol>
      <symbol id="sm-bec">
         <name>UARTCharGetNonBlocking</name>
         <value>0x44e1</value>
         <object_component_ref idref="oc-2e0"/>
      </symbol>
      <symbol id="sm-bed">
         <name>UARTCharPut</name>
         <value>0x4565</value>
         <object_component_ref idref="oc-2d4"/>
      </symbol>
      <symbol id="sm-bee">
         <name>UARTEnable</name>
         <value>0x43bd</value>
         <object_component_ref idref="oc-32e"/>
      </symbol>
      <symbol id="sm-bef">
         <name>UARTFIFOEnable</name>
         <value>0x456f</value>
         <object_component_ref idref="oc-31c"/>
      </symbol>
      <symbol id="sm-bf0">
         <name>UARTIntClear</name>
         <value>0x45d7</value>
         <object_component_ref idref="oc-2da"/>
      </symbol>
      <symbol id="sm-bf1">
         <name>UARTFIFOLevelSet</name>
         <value>0x45c1</value>
         <object_component_ref idref="oc-322"/>
      </symbol>
      <symbol id="sm-bf2">
         <name>UARTIntRegister</name>
         <value>0x43a5</value>
         <object_component_ref idref="oc-334"/>
      </symbol>
      <symbol id="sm-c04">
         <name>CPUcpsie</name>
         <value>0x4517</value>
         <object_component_ref idref="oc-4ea"/>
      </symbol>
      <symbol id="sm-c05">
         <name>CPUcpsid</name>
         <value>0x450b</value>
         <object_component_ref idref="oc-4e1"/>
      </symbol>
      <symbol id="sm-c06">
         <name>__TI_static_base__</name>
         <value>0x0</value>
      </symbol>
      <symbol id="sm-c09">
         <name>__mpu_init</name>
         <value>0x0</value>
      </symbol>
      <symbol id="sm-c0a">
         <name>_system_post_cinit</name>
         <value>0x0</value>
      </symbol>
   </symbol_table>
   <title>Link successful</title>
</link_info>
